Partial/Required:  9.01, Required:    400.0, Partial:  3603.78, Net: _0070_, Pin: _2690_/D, Layer: met1
Partial/Required:  6.38, Required:    400.0, Partial:  2553.36, Net: _0013_, Pin: _2633_/D, Layer: met1
Partial/Required:  6.11, Required:    400.0, Partial:  2443.67, Net: _0412_, Pin: _2334_/B2, Layer: met1
Partial/Required:  5.66, Required:    400.0, Partial:  2263.44, Net: net212, Pin: _2462_/A1_N, Layer: met1
Partial/Required:  3.62, Required:    400.0, Partial:  1447.12, Net: _0519_, Pin: _2236_/A, Layer: met1
Partial/Required:  3.34, Required:    400.0, Partial:  1335.63, Net: RF.registers\[10\]\[22\], Pin: _2395_/A0, Layer: met1
Partial/Required:  3.14, Required:  3410.04, Partial: 10697.65, Net: _0140_, Pin: _2760_/D, Layer: met4
Partial/Required:  2.90, Required:  3486.68, Partial: 10110.48, Net: _0122_, Pin: _2742_/D, Layer: met4
Partial/Required:  2.89, Required:  3308.48, Partial:  9575.11, Net: _0042_, Pin: _2662_/D, Layer: met4
Partial/Required:  2.82, Required:  3308.48, Partial:  9341.97, Net: net286, Pin: _1346_/B, Layer: met4
Partial/Required:  2.74, Required:  2773.88, Partial:  7610.03, Net: _0035_, Pin: _2655_/D, Layer: met3
Partial/Required:  2.67, Required:  3486.68, Partial:  9306.92, Net: _0211_, Pin: _2831_/D, Layer: met3
Partial/Required:  2.64, Required:  3410.04, Partial:  8987.94, Net: _0123_, Pin: _2743_/D, Layer: met4
Partial/Required:  2.57, Required:    400.0, Partial:  1029.38, Net: _0826_, Pin: _2468_/B, Layer: met1
Partial/Required:  2.54, Required:  3486.68, Partial:  8841.14, Net: _0176_, Pin: _2796_/D, Layer: met4
Partial/Required:  2.36, Required:  3308.48, Partial:  7796.32, Net: _0081_, Pin: _2701_/D, Layer: met4
Partial/Required:  2.32, Required:  3410.04, Partial:   7916.7, Net: _0046_, Pin: _2666_/D, Layer: met3
Partial/Required:  2.31, Required:    400.0, Partial:   924.15, Net: clk, Pin: clkbuf_0_clk/A, Layer: met3
Partial/Required:  2.29, Required:  2773.88, Partial:   6351.4, Net: net39, Pin: output39/A, Layer: met3
Partial/Required:  2.26, Required:  3410.04, Partial:  7701.33, Net: _0202_, Pin: _2822_/D, Layer: met4
Partial/Required:  2.25, Required:  3486.68, Partial:  7848.13, Net: _0032_, Pin: _2652_/D, Layer: met4
Partial/Required:  2.23, Required:  3130.28, Partial:  6967.37, Net: _0036_, Pin: _2656_/D, Layer: met4
Partial/Required:  2.21, Required:  3308.48, Partial:  7295.49, Net: _0182_, Pin: _2802_/D, Layer: met4
Partial/Required:  2.18, Required:  3410.04, Partial:  7450.92, Net: _0189_, Pin: _2809_/D, Layer: met4
Partial/Required:  2.18, Required:  3308.48, Partial:  7226.41, Net: _0044_, Pin: _2664_/D, Layer: met4
Partial/Required:  2.17, Required:  2773.88, Partial:  6032.89, Net: _0176_, Pin: _2796_/D, Layer: met3
Partial/Required:  2.15, Required:  3308.48, Partial:  7122.79, Net: _0119_, Pin: _2739_/D, Layer: met4
Partial/Required:  2.14, Required:  3486.68, Partial:  7459.56, Net: _0161_, Pin: _2781_/D, Layer: met4
Partial/Required:  2.13, Required:  3410.04, Partial:  7278.22, Net: _0003_, Pin: _2623_/D, Layer: met4
Partial/Required:  2.12, Required:  3486.68, Partial:  7399.11, Net: _0201_, Pin: _2821_/D, Layer: met4
Partial/Required:  2.12, Required:    400.0, Partial:    848.2, Net: net445, Pin: _1304_/B, Layer: met1
Partial/Required:  2.09, Required:  3486.68, Partial:  7278.22, Net: _0105_, Pin: _2725_/D, Layer: met4
Partial/Required:  2.06, Required:  3486.68, Partial:  7177.26, Net: _0933_, Pin: _2512_/A0, Layer: met4
Partial/Required:  2.03, Required:  3486.68, Partial:  7062.35, Net: _0035_, Pin: _2655_/D, Layer: met4
Partial/Required:  2.02, Required:  3130.28, Partial:  6337.02, Net: net367, Pin: _2630_/D, Layer: met4
Partial/Required:  1.99, Required:  3130.28, Partial:  6224.76, Net: _0180_, Pin: _2800_/D, Layer: met4
Partial/Required:  1.98, Required:  3308.48, Partial:   6553.9, Net: _0125_, Pin: _2745_/D, Layer: met4
Partial/Required:  1.95, Required:    400.0, Partial:   779.47, Net: _0581_, Pin: _2580_/A1, Layer: met1
Partial/Required:  1.86, Required:  3486.68, Partial:  6472.45, Net: _1121_, Pin: _1429_/A, Layer: met4
Partial/Required:  1.85, Required:  2773.88, Partial:  5145.02, Net: _0023_, Pin: _2643_/D, Layer: met3
Partial/Required:  1.84, Required:    400.0, Partial:   735.24, Net: _0276_, Pin: _1956_/B, Layer: met1
Partial/Required:  1.82, Required:    400.0, Partial:    728.0, Net: _0168_, Pin: _2788_/D, Layer: met1
Partial/Required:  1.82, Required:    400.0, Partial:   726.33, Net: SSD.count\[0\], Pin: _1298_/A_N, Layer: met1
Partial/Required:  1.80, Required:  3410.04, Partial:  6121.14, Net: _0023_, Pin: _2643_/D, Layer: met4
Partial/Required:  1.79, Required:  3486.68, Partial:  6238.05, Net: _1135_, Pin: _1456_/A, Layer: met3
Partial/Required:  1.78, Required:    400.0, Partial:   712.25, Net: _0372_, Pin: _1962_/B1, Layer: met1
Partial/Required:  1.73, Required:    400.0, Partial:   691.92, Net: RF.registers\[20\]\[19\], Pin: _1455_/A0, Layer: met1
Partial/Required:  1.71, Required:  2773.88, Partial:  4739.12, Net: _1169_, Pin: _1523_/A, Layer: met3
Partial/Required:  1.67, Required:  3130.28, Partial:  5227.07, Net: net39, Pin: output39/A, Layer: met4
Partial/Required:  1.63, Required:    400.0, Partial:   652.65, Net: RF.registers\[20\]\[3\], Pin: _1422_/A0, Layer: met1
Partial/Required:  1.63, Required:    400.0, Partial:   651.12, Net: clk, Pin: clkbuf_0_clk/A, Layer: met4
Partial/Required:  1.62, Required:  3486.68, Partial:  5643.72, Net: _1119_, Pin: _1425_/A, Layer: met4
Partial/Required:  1.59, Required:  3486.68, Partial:  5537.65, Net: _1199_, Pin: _1579_/A, Layer: met3
Partial/Required:  1.55, Required:  2773.88, Partial:  4286.35, Net: _0003_, Pin: _2623_/D, Layer: met3
Partial/Required:  1.54, Required:  2773.88, Partial:  4283.61, Net: _0056_, Pin: _2676_/D, Layer: met2
Partial/Required:  1.52, Required:  3091.96, Partial:  4692.32, Net: _0030_, Pin: _2650_/D, Layer: met3
Partial/Required:  1.48, Required:  3486.68, Partial:  5163.57, Net: _1085_, Pin: _1360_/A, Layer: met4
Partial/Required:  1.44, Required:    400.0, Partial:   574.79, Net: net9, Pin: _1439_/A1, Layer: met1
Partial/Required:  1.38, Required:  2773.88, Partial:  3815.98, Net: _1139_, Pin: _1463_/A, Layer: met3
Partial/Required:  1.35, Required:  3486.68, Partial:  4716.22, Net: _0106_, Pin: _2726_/D, Layer: met2
Partial/Required:  1.35, Required:  2773.88, Partial:  3737.27, Net: _0201_, Pin: _2821_/D, Layer: met3
Partial/Required:  1.34, Required:  3486.68, Partial:   4674.0, Net: _0104_, Pin: _2724_/D, Layer: met2
Partial/Required:  1.33, Required:  2773.88, Partial:  3700.06, Net: _1119_, Pin: _1425_/A, Layer: met3
Partial/Required:  1.32, Required:  3486.68, Partial:  4592.78, Net: _0159_, Pin: _2779_/D, Layer: met2
Partial/Required:  1.32, Required:    400.0, Partial:    526.4, Net: SSD.sel\[0\], Pin: _2193_/A, Layer: met1
Partial/Required:  1.30, Required:    400.0, Partial:    521.1, Net: _0470_, Pin: _2023_/A0, Layer: met1
Partial/Required:  1.30, Required:  3410.04, Partial:  4438.56, Net: _0024_, Pin: _2644_/D, Layer: met2
Partial/Required:  1.30, Required:  3486.68, Partial:  4535.78, Net: _0120_, Pin: _2740_/D, Layer: met2
Partial/Required:  1.28, Required:  3308.48, Partial:   4249.0, Net: _0047_, Pin: _2667_/D, Layer: met2
Partial/Required:  1.28, Required:  3486.68, Partial:  4477.56, Net: _0145_, Pin: _2765_/D, Layer: met2
Partial/Required:  1.28, Required:  3130.28, Partial:   4009.5, Net: _1155_, Pin: _1495_/A, Layer: met3
Partial/Required:  1.28, Required:  3843.08, Partial:  4906.33, Net: _0070_, Pin: _2690_/D, Layer: met2
Partial/Required:  1.28, Required:  3308.48, Partial:  4219.78, Net: net288, Pin: _2604_/B_N, Layer: met2
Partial/Required:  1.26, Required:  3308.48, Partial:  4180.44, Net: _0052_, Pin: _2672_/D, Layer: met2
Partial/Required:  1.25, Required:  2773.88, Partial:  3471.67, Net: _0040_, Pin: _2660_/D, Layer: met1
Partial/Required:  1.25, Required:    400.0, Partial:    498.0, Net: SSD.count\[13\], Pin: _1294_/A, Layer: met1
Partial/Required:  1.24, Required:  3143.48, Partial:  3907.44, Net: _0965_, Pin: _2544_/B, Layer: met2
Partial/Required:  1.23, Required:  3486.68, Partial:  4301.33, Net: _0162_, Pin: _2782_/D, Layer: met2
Partial/Required:  1.23, Required:  3308.48, Partial:  4067.67, Net: _0219_, Pin: _2839_/D, Layer: met2
Partial/Required:  1.19, Required:  3130.28, Partial:  3712.89, Net: _0048_, Pin: _2668_/D, Layer: met2
Partial/Required:  1.18, Required:  3410.04, Partial:   4017.0, Net: _0177_, Pin: _2797_/D, Layer: met2
Partial/Required:  1.18, Required:    400.0, Partial:   470.05, Net: _0272_, Pin: _1818_/A0, Layer: met1
Partial/Required:  1.17, Required:    400.0, Partial:   468.65, Net: RF.registers\[10\]\[14\], Pin: _2099_/A0, Layer: met1
Partial/Required:  1.17, Required:  3486.68, Partial:  4071.95, Net: _1084_, Pin: _1358_/A, Layer: met3
Partial/Required:  1.16, Required:  3308.48, Partial:  3833.09, Net: _1176_, Pin: _1537_/A, Layer: met3
Partial/Required:  1.15, Required:  3486.68, Partial:  4021.79, Net: _1235_, Pin: _1648_/A, Layer: met4
Partial/Required:  1.15, Required:  3130.28, Partial:  3606.78, Net: _0101_, Pin: _2721_/D, Layer: met2
Partial/Required:  1.15, Required:  3308.48, Partial:  3810.62, Net: _1169_, Pin: _1523_/A, Layer: met4
Partial/Required:  1.14, Required:  2773.88, Partial:  3175.37, Net: _0748_, Pin: _2318_/B, Layer: met3
Partial/Required:  1.13, Required:  2773.88, Partial:  3141.72, Net: _1132_, Pin: _1450_/A, Layer: met1
Partial/Required:  1.13, Required:  2773.88, Partial:  3135.62, Net: _0042_, Pin: _2662_/D, Layer: met3
Partial/Required:  1.12, Required:  3843.08, Partial:  4322.44, Net: net239, Pin: _2054_/C_N, Layer: met2
Partial/Required:  1.12, Required:  2773.88, Partial:   3118.1, Net: _0202_, Pin: _2822_/D, Layer: met3
Partial/Required:  1.12, Required:  3308.48, Partial:  3717.95, Net: _0880_, Pin: _2460_/B1, Layer: met4
Partial/Required:  1.12, Required:  2773.88, Partial:  3102.89, Net: _0066_, Pin: _2686_/D, Layer: met1
Partial/Required:  1.12, Required:  3130.28, Partial:  3491.56, Net: _0117_, Pin: _2737_/D, Layer: met2
Partial/Required:  1.11, Required:  3410.04, Partial:  3795.33, Net: _0193_, Pin: _2813_/D, Layer: met2
Partial/Required:  1.11, Required:  3486.68, Partial:  3859.89, Net: _0172_, Pin: _2792_/D, Layer: met2
Partial/Required:  1.10, Required:  3486.68, Partial:  3850.78, Net: _0724_, Pin: _2294_/A0, Layer: met2
Partial/Required:  1.10, Required:  2773.88, Partial:  3053.45, Net: _0506_, Pin: _2059_/C1, Layer: met3
Partial/Required:  1.09, Required:  3410.04, Partial:  3716.33, Net: _0078_, Pin: _2698_/D, Layer: met2
Partial/Required:  1.09, Required:  3130.28, Partial:  3402.78, Net: _0146_, Pin: _2766_/D, Layer: met2
Partial/Required:  1.07, Required:  2773.88, Partial:  2976.13, Net: _0443_, Pin: _2000_/B, Layer: met3
Partial/Required:  1.07, Required:  2773.88, Partial:  2966.24, Net: _1280_, Pin: _1737_/A, Layer: met3
Partial/Required:  1.07, Required:  3410.04, Partial:  3643.73, Net: net323, Pin: _2089_/A, Layer: met3
Partial/Required:  1.07, Required:    400.0, Partial:   427.04, Net: clknet_4_8_0_clk, Pin: _2646_/CLK, Layer: met1
Partial/Required:  1.07, Required:  3130.28, Partial:  3335.11, Net: _0127_, Pin: _2747_/D, Layer: met2
Partial/Required:  1.06, Required:  3143.48, Partial:  3340.41, Net: _0506_, Pin: _2059_/C1, Layer: met4
Partial/Required:  1.06, Required:  3270.68, Partial:  3469.56, Net: _0005_, Pin: _2625_/D, Layer: met2
Partial/Required:  1.06, Required:  3130.28, Partial:  3314.11, Net: net162, Pin: _2450_/B_N, Layer: met2
Partial/Required:  1.05, Required:    400.0, Partial:   421.93, Net: net82, Pin: _1458_/A1, Layer: met1
Partial/Required:  1.05, Required:  3130.28, Partial:  3300.85, Net: _0668_, Pin: _2235_/B1, Layer: met4
Partial/Required:  1.04, Required:  3410.04, Partial:  3536.89, Net: _0194_, Pin: _2814_/D, Layer: met2
Partial/Required:  1.03, Required:    400.0, Partial:   412.48, Net: _0363_, Pin: _1910_/B, Layer: met1
Partial/Required:  1.03, Required:  3308.48, Partial:  3392.51, Net: _0212_, Pin: _2832_/D, Layer: met4
Partial/Required:  1.00, Required:  3486.68, Partial:  3498.37, Net: _1243_, Pin: _1663_/A, Layer: met4
Partial/Required:  1.00, Required:  2773.88, Partial:  2776.89, Net: net240, Pin: _2054_/A, Layer: met3
