
===========================================================================
 report_power
============================================================================
======================= Fastest Corner ===================================

Group                  Internal  Switching    Leakage      Total
                          Power      Power      Power      Power (Watts)
----------------------------------------------------------------
Sequential             6.54e-03   1.22e-03   1.64e-08   7.76e-03  38.9%
Combinational          4.10e-03   3.55e-03   5.60e-08   7.65e-03  38.3%
Clock                  1.89e-03   2.67e-03   1.72e-08   4.56e-03  22.8%
Macro                  0.00e+00   0.00e+00   0.00e+00   0.00e+00   0.0%
Pad                    0.00e+00   0.00e+00   0.00e+00   0.00e+00   0.0%
----------------------------------------------------------------
Total                  1.25e-02   7.43e-03   8.96e-08   2.00e-02 100.0%
                          62.8%      37.2%       0.0%

======================= Slowest Corner ===================================

Group                  Internal  Switching    Leakage      Total
                          Power      Power      Power      Power (Watts)
----------------------------------------------------------------
Sequential             4.44e-03   7.89e-04   1.63e-05   5.24e-03  38.5%
Combinational          2.90e-03   2.36e-03   3.94e-05   5.29e-03  38.8%
Clock                  1.35e-03   1.74e-03   2.29e-06   3.09e-03  22.7%
Macro                  0.00e+00   0.00e+00   0.00e+00   0.00e+00   0.0%
Pad                    0.00e+00   0.00e+00   0.00e+00   0.00e+00   0.0%
----------------------------------------------------------------
Total                  8.68e-03   4.88e-03   5.80e-05   1.36e-02 100.0%
                          63.7%      35.8%       0.4%

======================= Typical Corner ===================================

Group                  Internal  Switching    Leakage      Total
                          Power      Power      Power      Power (Watts)
----------------------------------------------------------------
Sequential             5.67e-03   1.02e-03   9.39e-09   6.68e-03  38.8%
Combinational          3.63e-03   3.00e-03   2.81e-08   6.62e-03  38.5%
Clock                  1.65e-03   2.25e-03   1.19e-08   3.90e-03  22.7%
Macro                  0.00e+00   0.00e+00   0.00e+00   0.00e+00   0.0%
Pad                    0.00e+00   0.00e+00   0.00e+00   0.00e+00   0.0%
----------------------------------------------------------------
Total                  1.09e-02   6.27e-03   4.93e-08   1.72e-02 100.0%
                          63.6%      36.4%       0.0%

