Partial/Required:  4.87, Required:  3486.68, Partial: 16988.95, Net: _0014_, Pin: _4654_/D, Layer: met5
Partial/Required:  4.60, Required:  3843.08, Partial: 17672.38, Net: _0340_, Pin: _4980_/D, Layer: met5
Partial/Required:  4.57, Required:  3308.48, Partial: 15131.43, Net: _0110_, Pin: _4750_/D, Layer: met5
Partial/Required:  4.09, Required:  2773.88, Partial: 11348.44, Net: _0337_, Pin: _4977_/D, Layer: met3
Partial/Required:  4.01, Required:  3410.04, Partial: 13659.43, Net: _0344_, Pin: _4984_/D, Layer: met5
Partial/Required:  3.98, Required:  3486.68, Partial: 13869.71, Net: _0243_, Pin: _4883_/D, Layer: met5
Partial/Required:  3.91, Required:    400.0, Partial:  1564.56, Net: _1502_, Pin: _3447_/B_N, Layer: met1
Partial/Required:  3.90, Required:  3410.04, Partial: 13308.95, Net: _0177_, Pin: _4817_/D, Layer: met5
Partial/Required:  3.72, Required:  3143.48, Partial: 11699.05, Net: _1753_, Pin: _3695_/B, Layer: met3
Partial/Required:  3.65, Required:  3767.48, Partial: 13767.62, Net: _1449_, Pin: _3358_/B1_N, Layer: met5
Partial/Required:  3.47, Required:  2773.88, Partial:  9635.68, Net: _0092_, Pin: _4732_/D, Layer: met3
Partial/Required:  3.44, Required:  3410.04, Partial: 11719.37, Net: _0084_, Pin: _4724_/D, Layer: met3
Partial/Required:  3.31, Required:  2773.88, Partial:  9184.89, Net: _0053_, Pin: _4693_/D, Layer: met3
Partial/Required:  3.17, Required:  3486.68, Partial: 11047.62, Net: _0359_, Pin: _4999_/D, Layer: met3
Partial/Required:  3.16, Required:  2773.88, Partial:   8766.6, Net: _0011_, Pin: _4651_/D, Layer: met3
Partial/Required:  3.15, Required:  2773.88, Partial:  8736.89, Net: _0225_, Pin: _4865_/D, Layer: met3
Partial/Required:  3.14, Required:  3486.68, Partial:  10941.3, Net: _2131_, Pin: _4281_/A, Layer: met5
Partial/Required:  3.14, Required:  3410.04, Partial:  10697.9, Net: _0033_, Pin: _4673_/D, Layer: met5
Partial/Required:  3.11, Required:  3486.68, Partial: 10858.67, Net: _0072_, Pin: _4712_/D, Layer: met4
Partial/Required:  3.08, Required:    400.0, Partial:  1232.74, Net: RF.registers\[10\]\[11\], Pin: _3517_/A0, Layer: met1
Partial/Required:  3.07, Required:  3486.68, Partial:  10688.0, Net: _0390_, Pin: _5030_/D, Layer: met4
Partial/Required:  3.05, Required:  2773.88, Partial:  8449.71, Net: _2237_, Pin: _4484_/A, Layer: met3
Partial/Required:  2.98, Required:  3410.04, Partial: 10154.67, Net: _0387_, Pin: _5027_/D, Layer: met4
Partial/Required:  2.93, Required:  3843.08, Partial: 11246.73, Net: _0169_, Pin: _4809_/D, Layer: met4
Partial/Required:  2.93, Required:  3486.68, Partial: 10203.43, Net: _0339_, Pin: _4979_/D, Layer: met4
Partial/Required:  2.93, Required:  3486.68, Partial: 10200.63, Net: _0730_, Pin: _2632_/A1, Layer: met3
Partial/Required:  2.92, Required:  3410.04, Partial:  9972.32, Net: _0080_, Pin: _4720_/D, Layer: met4
Partial/Required:  2.87, Required:  3486.68, Partial:  9996.95, Net: _0077_, Pin: _4717_/D, Layer: met5
Partial/Required:  2.86, Required:  2773.88, Partial:  7937.14, Net: _0169_, Pin: _4809_/D, Layer: met3
Partial/Required:  2.85, Required:  2773.88, Partial:  7896.25, Net: _0266_, Pin: _4906_/D, Layer: met3
Partial/Required:  2.81, Required:  2773.88, Partial:  7791.11, Net: _0105_, Pin: _4745_/D, Layer: met3
Partial/Required:  2.80, Required:  3410.04, Partial:  9558.86, Net: _0192_, Pin: _4832_/D, Layer: met5
Partial/Required:  2.77, Required:  3410.04, Partial:  9443.56, Net: _0182_, Pin: _4822_/D, Layer: met4
Partial/Required:  2.73, Required:  2773.88, Partial:  7583.87, Net: _0366_, Pin: _5006_/D, Layer: met3
Partial/Required:  2.71, Required:  3410.04, Partial:   9228.7, Net: _0145_, Pin: _4785_/D, Layer: met4
Partial/Required:  2.69, Required:  3308.48, Partial:  8909.21, Net: _0251_, Pin: _4891_/D, Layer: met4
Partial/Required:  2.68, Required:  3410.04, Partial:  9125.84, Net: _0278_, Pin: _4918_/D, Layer: met3
Partial/Required:  2.67, Required:    400.0, Partial:  1068.75, Net: _1747_, Pin: _3697_/A1, Layer: met1
Partial/Required:  2.67, Required:  2773.88, Partial:  7399.11, Net: _0340_, Pin: _4980_/D, Layer: met4
Partial/Required:  2.66, Required:  3486.68, Partial:  9281.52, Net: _0374_, Pin: _5014_/D, Layer: met4
Partial/Required:  2.65, Required:  3486.68, Partial:  9230.66, Net: _1766_, Pin: _3708_/A, Layer: met5
Partial/Required:  2.64, Required:  3308.48, Partial:  8744.13, Net: _0283_, Pin: _4923_/D, Layer: met4
Partial/Required:  2.63, Required:  3486.68, Partial:  9186.54, Net: _0363_, Pin: _5003_/D, Layer: met4
Partial/Required:  2.60, Required:  3410.04, Partial:  8864.25, Net: _0402_, Pin: _5042_/D, Layer: met3
Partial/Required:  2.59, Required:  2773.88, Partial:  7179.37, Net: net13, Pin: output13/A, Layer: met3
Partial/Required:  2.59, Required:  3130.28, Partial:  8099.56, Net: _0138_, Pin: _4778_/D, Layer: met3
Partial/Required:  2.58, Required:  3410.04, Partial:  8807.37, Net: _0204_, Pin: _4844_/D, Layer: met3
Partial/Required:  2.54, Required:  3486.68, Partial:  8839.11, Net: _0187_, Pin: _4827_/D, Layer: met4
Partial/Required:  2.51, Required:  3138.28, Partial:   7868.7, Net: _1301_, Pin: _3378_/A_N, Layer: met3
Partial/Required:  2.48, Required:  3143.48, Partial:  7805.71, Net: _0047_, Pin: _4687_/D, Layer: met3
Partial/Required:  2.47, Required:  2773.88, Partial:  6856.51, Net: _1311_, Pin: _3219_/B, Layer: met3
Partial/Required:  2.47, Required:  3486.68, Partial:  8605.97, Net: _0127_, Pin: _4767_/D, Layer: met4
Partial/Required:  2.45, Required:  2773.88, Partial:  6792.25, Net: _0010_, Pin: _4650_/D, Layer: met3
Partial/Required:  2.45, Required:  3410.04, Partial:  8348.95, Net: _0058_, Pin: _4698_/D, Layer: met4
Partial/Required:  2.43, Required:  3410.04, Partial:  8302.22, Net: _0120_, Pin: _4760_/D, Layer: met3
Partial/Required:  2.42, Required:  3308.48, Partial:  8016.51, Net: _0285_, Pin: _4925_/D, Layer: met3
Partial/Required:  2.42, Required:    400.0, Partial:   968.47, Net: _1577_, Pin: _4042_/A1, Layer: met1
Partial/Required:  2.41, Required:  2773.88, Partial:  6673.14, Net: _0067_, Pin: _4707_/D, Layer: met3
Partial/Required:  2.40, Required:  3130.28, Partial:  7525.84, Net: net10, Pin: output10/A, Layer: met3
Partial/Required:  2.40, Required:  2773.88, Partial:  6663.75, Net: _0262_, Pin: _4902_/D, Layer: met3
Partial/Required:  2.38, Required:  2773.88, Partial:  6595.32, Net: _2226_, Pin: _4463_/A, Layer: met3
Partial/Required:  2.36, Required:    400.0, Partial:   945.21, Net: _0503_, Pin: _3193_/A, Layer: met1
Partial/Required:  2.36, Required:  3486.68, Partial:  8234.67, Net: _0317_, Pin: _4957_/D, Layer: met4
Partial/Required:  2.35, Required:  3486.68, Partial:  8193.52, Net: _0250_, Pin: _4890_/D, Layer: met4
Partial/Required:  2.35, Required:  3918.68, Partial:   9199.7, Net: _1808_, Pin: _3759_/B1, Layer: met5
Partial/Required:  2.34, Required:  3130.28, Partial:  7310.22, Net: _0236_, Pin: _4876_/D, Layer: met3
Partial/Required:  2.32, Required:  3130.28, Partial:  7275.17, Net: net557, Pin: _4681_/D, Layer: met3
Partial/Required:  2.32, Required:  3410.04, Partial:  7906.79, Net: _0336_, Pin: _4976_/D, Layer: met3
Partial/Required:  2.31, Required:  3918.68, Partial:   9062.6, Net: _1523_, Pin: _3438_/A2_N, Layer: met4
Partial/Required:  2.30, Required:  3130.28, Partial:  7204.06, Net: _0074_, Pin: _4714_/D, Layer: met3
Partial/Required:  2.29, Required:  3130.28, Partial:  7166.79, Net: RF.registers\[6\]\[26\], Pin: _4084_/A0, Layer: met3
Partial/Required:  2.28, Required:  2773.88, Partial:   6336.0, Net: _0232_, Pin: _4872_/D, Layer: met4
Partial/Required:  2.28, Required:  3308.48, Partial:  7554.54, Net: _0296_, Pin: _4936_/D, Layer: met4
Partial/Required:  2.27, Required:  3130.28, Partial:  7119.75, Net: _0060_, Pin: _4700_/D, Layer: met4
Partial/Required:  2.27, Required:  3308.48, Partial:  7501.71, Net: _0078_, Pin: _4718_/D, Layer: met4
Partial/Required:  2.26, Required:  2773.88, Partial:  6278.22, Net: _0206_, Pin: _4846_/D, Layer: met3
Partial/Required:  2.25, Required:  3410.04, Partial:  7666.79, Net: _0362_, Pin: _5002_/D, Layer: met4
Partial/Required:  2.24, Required:    400.0, Partial:   897.87, Net: _1257_, Pin: _3229_/A1, Layer: met1
Partial/Required:  2.24, Required:  3410.04, Partial:   7648.0, Net: _0018_, Pin: _4658_/D, Layer: met3
Partial/Required:  2.24, Required:  3130.28, Partial:  7000.89, Net: _0315_, Pin: _4955_/D, Layer: met4
Partial/Required:  2.23, Required:  2773.88, Partial:  6196.95, Net: _0321_, Pin: _4961_/D, Layer: met3
Partial/Required:  2.23, Required:  3486.68, Partial:  7759.75, Net: _0266_, Pin: _4906_/D, Layer: met4
Partial/Required:  2.20, Required:  3143.48, Partial:  6927.15, Net: _1920_, Pin: _3885_/A, Layer: met5
Partial/Required:  2.20, Required:  2773.88, Partial:   6110.6, Net: _0185_, Pin: _4825_/D, Layer: met3
Partial/Required:  2.20, Required:  3130.28, Partial:  6894.48, Net: _0057_, Pin: _4697_/D, Layer: met3
Partial/Required:  2.20, Required:  3410.04, Partial:  7501.21, Net: _0196_, Pin: _4836_/D, Layer: met3
Partial/Required:  2.20, Required:  3130.28, Partial:   6880.0, Net: net464, Pin: _3481_/A, Layer: met4
Partial/Required:  2.20, Required:  3410.04, Partial:   7494.1, Net: _0247_, Pin: _4887_/D, Layer: met4
Partial/Required:  2.18, Required:  2773.88, Partial:  6043.81, Net: _0119_, Pin: _4759_/D, Layer: met3
Partial/Required:  2.18, Required:  3130.28, Partial:  6817.52, Net: _0307_, Pin: _4947_/D, Layer: met4
Partial/Required:  2.17, Required:  3130.28, Partial:  6783.49, Net: net443, Pin: _2767_/A2_N, Layer: met3
Partial/Required:  2.13, Required:  3130.28, Partial:  6677.74, Net: RF.registers\[25\]\[1\], Pin: _4172_/A0, Layer: met3
Partial/Required:  2.13, Required:  3486.68, Partial:   7424.0, Net: _0349_, Pin: _4989_/D, Layer: met4
Partial/Required:  2.12, Required:   4046.2, Partial:  8591.75, Net: _0256_, Pin: _4896_/D, Layer: met4
Partial/Required:  2.11, Required:  3486.68, Partial:  7373.19, Net: _0711_, Pin: _2613_/A1, Layer: met5
Partial/Required:  2.11, Required:  3130.28, Partial:  6603.68, Net: _0178_, Pin: _4818_/D, Layer: met4
Partial/Required:  2.11, Required:  3130.28, Partial:  6592.51, Net: _0384_, Pin: _5024_/D, Layer: met3
Partial/Required:  2.10, Required:   4046.2, Partial:   8512.0, Net: _0070_, Pin: _4710_/D, Layer: met4
Partial/Required:  2.09, Required:  3767.48, Partial:  7873.02, Net: _0039_, Pin: _4679_/D, Layer: met4
Partial/Required:  2.09, Required:  3346.28, Partial:  6992.25, Net: _1886_, Pin: _3837_/C, Layer: met4
Partial/Required:  2.09, Required:  3410.04, Partial:  7123.05, Net: _0175_, Pin: _4815_/D, Layer: met5
Partial/Required:  2.07, Required:  2773.88, Partial:  5740.57, Net: _0035_, Pin: _4675_/D, Layer: met3
Partial/Required:  2.05, Required:  3843.08, Partial:  7882.67, Net: _0394_, Pin: _5034_/D, Layer: met4
Partial/Required:  2.05, Required:  2773.88, Partial:  5676.57, Net: _0217_, Pin: _4857_/D, Layer: met3
Partial/Required:  2.04, Required:  3308.48, Partial:  6747.43, Net: _0240_, Pin: _4880_/D, Layer: met4
Partial/Required:  2.00, Required:  3410.04, Partial:  6826.41, Net: _0220_, Pin: _4860_/D, Layer: met3
Partial/Required:  2.00, Required:  2773.88, Partial:   5544.0, Net: _0082_, Pin: _4722_/D, Layer: met3
Partial/Required:  2.00, Required:  3410.04, Partial:   6803.3, Net: _0193_, Pin: _4833_/D, Layer: met4
Partial/Required:  1.98, Required:  3486.68, Partial:  6915.56, Net: _0105_, Pin: _4745_/D, Layer: met4
Partial/Required:  1.97, Required:    400.0, Partial:    789.2, Net: RF.registers\[7\]\[17\], Pin: _4407_/A0, Layer: met1
Partial/Required:  1.97, Required:  2773.88, Partial:  5465.02, Net: _0277_, Pin: _4917_/D, Layer: met3
Partial/Required:  1.97, Required:  3410.04, Partial:  6706.03, Net: _0162_, Pin: _4802_/D, Layer: met3
Partial/Required:  1.96, Required:  3130.28, Partial:   6147.3, Net: _0397_, Pin: _5037_/D, Layer: met3
Partial/Required:  1.96, Required:  3410.04, Partial:  6691.05, Net: _0142_, Pin: _4782_/D, Layer: met4
Partial/Required:  1.96, Required:  2773.88, Partial:  5435.94, Net: _0086_, Pin: _4726_/D, Layer: met3
Partial/Required:  1.96, Required:  3486.68, Partial:   6831.6, Net: _0584_, Pin: _2513_/A0, Layer: met3
Partial/Required:  1.96, Required:  2773.88, Partial:   5424.2, Net: _2313_, Pin: _4632_/A, Layer: met3
Partial/Required:  1.94, Required:   4046.2, Partial:  7835.43, Net: _0107_, Pin: _4747_/D, Layer: met4
Partial/Required:  1.93, Required:  3486.68, Partial:  6730.86, Net: _1098_, Pin: _3008_/A1, Layer: met5
Partial/Required:  1.93, Required:  3486.68, Partial:  6726.44, Net: _2180_, Pin: _4375_/A, Layer: met4
Partial/Required:  1.92, Required:  3143.48, Partial:  6045.64, Net: _1222_, Pin: _3124_/A, Layer: met4
Partial/Required:  1.92, Required:  3410.04, Partial:  6555.68, Net: _0259_, Pin: _4899_/D, Layer: met3
Partial/Required:  1.92, Required:  3410.04, Partial:  6535.62, Net: _0229_, Pin: _4869_/D, Layer: met4
Partial/Required:  1.91, Required:  2773.88, Partial:  5308.48, Net: _2311_, Pin: _4628_/A, Layer: met3
Partial/Required:  1.91, Required:  3130.28, Partial:   5977.4, Net: _0111_, Pin: _4751_/D, Layer: met3
Partial/Required:  1.91, Required:    400.0, Partial:   763.75, Net: _0700_, Pin: max_cap333/A, Layer: met1
Partial/Required:  1.91, Required:  3410.04, Partial:  6507.83, Net: net603, Pin: _3024_/A1, Layer: met5
Partial/Required:  1.91, Required:  3410.04, Partial:  6500.32, Net: _0172_, Pin: _4812_/D, Layer: met3
Partial/Required:  1.90, Required:  3130.28, Partial:  5957.08, Net: _0166_, Pin: _4806_/D, Layer: met4
Partial/Required:  1.89, Required:  3130.28, Partial:  5912.89, Net: _0141_, Pin: _4781_/D, Layer: met4
Partial/Required:  1.89, Required:  3486.68, Partial:  6577.78, Net: _0073_, Pin: _4713_/D, Layer: met4
Partial/Required:  1.88, Required:  2773.88, Partial:  5211.05, Net: _0369_, Pin: _5009_/D, Layer: met3
Partial/Required:  1.88, Required:    400.0, Partial:   750.46, Net: _1439_, Pin: _3351_/A0, Layer: met1
Partial/Required:  1.88, Required:  3130.28, Partial:  5870.98, Net: _0413_, Pin: _5053_/D, Layer: met3
Partial/Required:  1.87, Required:  3843.08, Partial:  7199.49, Net: _0115_, Pin: _4755_/D, Layer: met4
Partial/Required:  1.87, Required:  3410.04, Partial:  6370.54, Net: _0025_, Pin: _4665_/D, Layer: met4
Partial/Required:  1.86, Required:  3308.48, Partial:  6161.27, Net: _0360_, Pin: _5000_/D, Layer: met4
Partial/Required:  1.86, Required:  3610.04, Partial:  6707.05, Net: _0004_, Pin: _5055_/RESET_B, Layer: met5
Partial/Required:  1.86, Required:  3410.04, Partial:  6334.73, Net: _0034_, Pin: _4674_/D, Layer: met3
Partial/Required:  1.86, Required:  3410.04, Partial:  6327.87, Net: _0102_, Pin: _4742_/D, Layer: met3
Partial/Required:  1.86, Required:  3308.48, Partial:   6137.4, Net: _0154_, Pin: _4794_/D, Layer: met4
Partial/Required:  1.85, Required:  3130.28, Partial:  5795.92, Net: RF.registers\[25\]\[10\], Pin: _4191_/A0, Layer: met3
Partial/Required:  1.85, Required:  3486.68, Partial:  6449.27, Net: _0011_, Pin: _4651_/D, Layer: met4
Partial/Required:  1.84, Required:  2773.88, Partial:  5111.47, Net: _1098_, Pin: _3008_/A1, Layer: met4
Partial/Required:  1.84, Required:  3130.28, Partial:  5767.11, Net: _0373_, Pin: _5013_/D, Layer: met4
Partial/Required:  1.84, Required:  3410.04, Partial:  6275.56, Net: _0245_, Pin: _4885_/D, Layer: met4
Partial/Required:  1.83, Required:  3130.28, Partial:  5741.21, Net: _0318_, Pin: _4958_/D, Layer: met4
Partial/Required:  1.82, Required:  3308.48, Partial:  6021.33, Net: _0280_, Pin: _4920_/D, Layer: met3
Partial/Required:  1.82, Required:  2773.88, Partial:  5042.41, Net: _2060_, Pin: _4147_/A, Layer: met3
Partial/Required:  1.81, Required:  3410.04, Partial:  6172.95, Net: _0129_, Pin: _4769_/D, Layer: met4
Partial/Required:  1.80, Required:  3486.68, Partial:   6287.7, Net: _2196_, Pin: _4406_/A, Layer: met4
Partial/Required:  1.80, Required:  3130.28, Partial:  5637.59, Net: _0210_, Pin: _4850_/D, Layer: met4
Partial/Required:  1.79, Required:  3486.68, Partial:  6252.68, Net: _2151_, Pin: _4321_/A, Layer: met4
Partial/Required:  1.79, Required:  3130.28, Partial:  5603.05, Net: _0342_, Pin: _4982_/D, Layer: met4
Partial/Required:  1.79, Required:  3486.68, Partial:  6238.98, Net: _0215_, Pin: _4855_/D, Layer: met4
Partial/Required:  1.78, Required:  3486.68, Partial:  6216.13, Net: _0082_, Pin: _4722_/D, Layer: met4
Partial/Required:  1.78, Required:  2773.88, Partial:  4934.73, Net: _0063_, Pin: _4703_/D, Layer: met3
Partial/Required:  1.76, Required:  3486.68, Partial:   6144.6, Net: _2028_, Pin: _4091_/A, Layer: met5
Partial/Required:  1.76, Required:  3410.04, Partial:   5990.6, Net: _0035_, Pin: _4675_/D, Layer: met4
Partial/Required:  1.75, Required:  2773.88, Partial:  4841.27, Net: _0039_, Pin: _4679_/D, Layer: met3
Partial/Required:  1.74, Required:  2773.88, Partial:  4817.45, Net: _0856_, Pin: _2758_/C1, Layer: met4
Partial/Required:  1.74, Required:  3130.28, Partial:  5434.16, Net: _0348_, Pin: _4988_/D, Layer: met3
Partial/Required:  1.73, Required:  2773.88, Partial:  4808.66, Net: _1108_, Pin: _3010_/A2, Layer: met4
Partial/Required:  1.73, Required:  3410.04, Partial:  5905.27, Net: _0123_, Pin: _4763_/D, Layer: met4
Partial/Required:  1.73, Required:  2773.88, Partial:  4802.67, Net: _1062_, Pin: _2964_/A1, Layer: met3
Partial/Required:  1.73, Required:    400.0, Partial:   690.33, Net: net1, Pin: _2322_/C_N, Layer: met1
Partial/Required:  1.73, Required:    400.0, Partial:   690.33, Net: net193, Pin: _3533_/B, Layer: met1
Partial/Required:  1.72, Required:  3130.28, Partial:  5398.86, Net: _0032_, Pin: _4672_/D, Layer: met3
Partial/Required:  1.72, Required:  3486.68, Partial:  5993.46, Net: _1085_, Pin: _2987_/A1, Layer: met4
Partial/Required:  1.72, Required:  3130.28, Partial:  5377.78, Net: _0147_, Pin: _4787_/D, Layer: met3
Partial/Required:  1.70, Required:  2773.88, Partial:   4718.6, Net: _0078_, Pin: _4718_/D, Layer: met3
Partial/Required:  1.69, Required:  3486.68, Partial:  5905.27, Net: _0183_, Pin: _4823_/D, Layer: met4
Partial/Required:  1.69, Required:  3410.04, Partial:  5767.11, Net: _0356_, Pin: _4996_/D, Layer: met4
Partial/Required:  1.68, Required:  3486.68, Partial:  5861.33, Net: _0232_, Pin: _4872_/D, Layer: met5
Partial/Required:  1.68, Required:  2773.88, Partial:  4662.24, Net: _1478_, Pin: _3388_/A0, Layer: met3
Partial/Required:  1.67, Required:  3486.68, Partial:  5830.76, Net: _2000_, Pin: _4037_/A, Layer: met5
Partial/Required:  1.67, Required:  3486.68, Partial:  5829.82, Net: _1927_, Pin: _3900_/A, Layer: met5
Partial/Required:  1.67, Required:  2773.88, Partial:  4637.08, Net: _1319_, Pin: _3371_/B, Layer: met3
Partial/Required:  1.67, Required:  2773.88, Partial:  4629.53, Net: _2133_, Pin: _4285_/A, Layer: met3
Partial/Required:  1.66, Required:  3486.68, Partial:  5803.48, Net: _1568_, Pin: _3487_/A, Layer: met5
Partial/Required:  1.66, Required:  2773.88, Partial:  4601.78, Net: _0134_, Pin: _4774_/D, Layer: met3
Partial/Required:  1.66, Required:  2773.88, Partial:  4600.38, Net: _0087_, Pin: _4727_/D, Layer: met4
Partial/Required:  1.65, Required:  2773.88, Partial:  4582.39, Net: _0386_, Pin: _5026_/D, Layer: met2
Partial/Required:  1.65, Required:  3130.28, Partial:  5168.89, Net: RF.registers\[20\]\[3\], Pin: _4310_/A0, Layer: met3
Partial/Required:  1.64, Required:  3130.28, Partial:  5148.44, Net: _0201_, Pin: _4841_/D, Layer: met3
Partial/Required:  1.63, Required:  2773.88, Partial:  4531.39, Net: _1140_, Pin: _3117_/B, Layer: met3
Partial/Required:  1.63, Required:    400.0, Partial:   652.43, Net: _1590_, Pin: _4263_/A1, Layer: met1
Partial/Required:  1.63, Required:  2773.88, Partial:  4518.34, Net: _2307_, Pin: _4620_/A, Layer: met3
Partial/Required:  1.63, Required:    400.0, Partial:   651.31, Net: _1592_, Pin: _4534_/A0, Layer: met1
Partial/Required:  1.62, Required:    400.0, Partial:   646.06, Net: _2058_, Pin: _4150_/S, Layer: met1
Partial/Required:  1.61, Required:  3486.68, Partial:   5621.4, Net: _2257_, Pin: _4522_/A, Layer: met4
Partial/Required:  1.61, Required:  3486.68, Partial:  5597.87, Net: _2198_, Pin: _4410_/A, Layer: met5
Partial/Required:  1.61, Required:  3410.04, Partial:  5473.27, Net: _0122_, Pin: _4762_/D, Layer: met3
Partial/Required:  1.60, Required:  2773.88, Partial:  4440.94, Net: RF.registers\[9\]\[0\], Pin: _4573_/A, Layer: met3
Partial/Required:  1.60, Required:  3130.28, Partial:  5009.52, Net: _0203_, Pin: _4843_/D, Layer: met3
Partial/Required:  1.59, Required:  3410.04, Partial:  5424.25, Net: _0116_, Pin: _4756_/D, Layer: met3
Partial/Required:  1.59, Required:  3486.68, Partial:  5527.35, Net: _0745_, Pin: _2648_/A0, Layer: met4
Partial/Required:  1.58, Required:  3410.04, Partial:  5404.44, Net: _0226_, Pin: _4866_/D, Layer: met4
Partial/Required:  1.58, Required:  3091.96, Partial:  4869.84, Net: _0088_, Pin: _4728_/D, Layer: met3
Partial/Required:  1.57, Required:  3130.28, Partial:  4925.97, Net: _0403_, Pin: _5043_/D, Layer: met3
Partial/Required:  1.56, Required:    400.0, Partial:   625.28, Net: clk, Pin: clkbuf_0_clk/A, Layer: met4
Partial/Required:  1.56, Required:  2773.88, Partial:  4315.27, Net: _2066_, Pin: _4159_/A, Layer: met3
Partial/Required:  1.55, Required:  3130.28, Partial:  4860.44, Net: _0134_, Pin: _4774_/D, Layer: met4
Partial/Required:  1.54, Required:  3158.88, Partial:   4879.0, Net: _1009_, Pin: _2911_/C1, Layer: met4
Partial/Required:  1.54, Required:  3486.68, Partial:  5383.49, Net: _1725_, Pin: _3665_/A, Layer: met4
Partial/Required:  1.54, Required:  3130.28, Partial:  4831.49, Net: _0064_, Pin: _4704_/D, Layer: met4
Partial/Required:  1.53, Required:  3308.48, Partial:  5076.67, Net: _0133_, Pin: _4773_/D, Layer: met2
Partial/Required:  1.53, Required:  3410.04, Partial:  5210.92, Net: _0350_, Pin: _4990_/D, Layer: met4
Partial/Required:  1.52, Required:  3143.48, Partial:  4786.04, Net: _1341_, Pin: _3249_/B, Layer: met5
Partial/Required:  1.52, Required:  3486.68, Partial:  5297.88, Net: _2171_, Pin: _4359_/A, Layer: met3
Partial/Required:  1.52, Required:  2773.88, Partial:  4204.28, Net: net599, Pin: _2706_/A, Layer: met3
Partial/Required:  1.52, Required:  3130.28, Partial:  4742.72, Net: _0894_, Pin: _3118_/B, Layer: met4
Partial/Required:  1.51, Required:  2773.88, Partial:  4200.66, Net: _1221_, Pin: _3123_/C, Layer: met3
Partial/Required:  1.51, Required:  3308.48, Partial:  5003.17, Net: _0063_, Pin: _4703_/D, Layer: met4
Partial/Required:  1.51, Required:  3486.68, Partial:  5260.28, Net: _2135_, Pin: _4289_/A, Layer: met3
Partial/Required:  1.51, Required:  3308.48, Partial:  4980.11, Net: net577, Pin: _2427_/B, Layer: met4
Partial/Required:  1.50, Required:    400.0, Partial:   601.91, Net: RF.registers\[20\]\[7\], Pin: _2673_/A0, Layer: met1
Partial/Required:  1.50, Required:  2773.88, Partial:  4154.03, Net: _0261_, Pin: _4901_/D, Layer: met3
Partial/Required:  1.48, Required:  3486.68, Partial:   5171.3, Net: _0262_, Pin: _4902_/D, Layer: met4
Partial/Required:  1.48, Required:    400.0, Partial:   592.24, Net: net514, Pin: _3381_/A, Layer: met1
Partial/Required:  1.48, Required:  2773.88, Partial:  4101.11, Net: _1354_, Pin: _3265_/A2, Layer: met3
Partial/Required:  1.48, Required:  3486.68, Partial:  5144.96, Net: _2158_, Pin: _4334_/A, Layer: met4
Partial/Required:  1.47, Required:  2773.88, Partial:  4073.44, Net: _1817_, Pin: _3762_/A, Layer: met3
Partial/Required:  1.46, Required:  3130.28, Partial:  4581.84, Net: RF.registers\[0\]\[30\], Pin: _2443_/A0, Layer: met3
Partial/Required:  1.46, Required:  3130.28, Partial:  4576.26, Net: RF.registers\[15\]\[31\], Pin: _4503_/A0, Layer: met3
Partial/Required:  1.46, Required:  3486.68, Partial:  5097.16, Net: _2162_, Pin: _4342_/A, Layer: met4
Partial/Required:  1.46, Required:  3143.48, Partial:  4588.86, Net: _1338_, Pin: _3246_/A3, Layer: met4
Partial/Required:  1.46, Required:  3486.68, Partial:  5086.35, Net: _2099_, Pin: _4221_/A, Layer: met4
Partial/Required:  1.44, Required:  2773.88, Partial:  4006.48, Net: _0247_, Pin: _4887_/D, Layer: met3
Partial/Required:  1.44, Required:  3130.28, Partial:  4501.84, Net: _0407_, Pin: _5047_/D, Layer: met3
Partial/Required:  1.44, Required:  3410.04, Partial:  4901.59, Net: _0114_, Pin: _4754_/D, Layer: met4
Partial/Required:  1.44, Required:  3091.96, Partial:  4441.14, Net: _0372_, Pin: _5012_/D, Layer: met3
Partial/Required:  1.43, Required:  3486.68, Partial:  4973.37, Net: _1970_, Pin: _3984_/A, Layer: met4
Partial/Required:  1.43, Required:  3486.68, Partial:  4968.56, Net: _2110_, Pin: _4241_/A, Layer: met3
Partial/Required:  1.42, Required:  3486.68, Partial:  4938.06, Net: _2030_, Pin: _4095_/A, Layer: met4
Partial/Required:  1.41, Required:  3486.68, Partial:   4928.6, Net: _2192_, Pin: _4398_/A, Layer: met3
Partial/Required:  1.41, Required:  3486.68, Partial:  4925.58, Net: _2226_, Pin: _4463_/A, Layer: met4
Partial/Required:  1.41, Required:  2773.88, Partial:  3917.83, Net: _0258_, Pin: _4898_/D, Layer: met2
Partial/Required:  1.41, Required:  3486.68, Partial:  4919.87, Net: _0005_, Pin: _4645_/D, Layer: met4
Partial/Required:  1.41, Required:  2773.88, Partial:  3907.68, Net: _0246_, Pin: _4886_/D, Layer: met3
Partial/Required:  1.41, Required:    400.0, Partial:    562.7, Net: _1480_, Pin: _3391_/A0, Layer: met1
Partial/Required:  1.40, Required:  3130.28, Partial:  4394.99, Net: _1635_, Pin: _3570_/A, Layer: met4
Partial/Required:  1.40, Required:  3130.28, Partial:  4394.16, Net: _0369_, Pin: _5009_/D, Layer: met4
Partial/Required:  1.40, Required:  3410.04, Partial:  4782.73, Net: _0302_, Pin: _4942_/D, Layer: met4
Partial/Required:  1.40, Required:  3486.68, Partial:  4885.93, Net: _2052_, Pin: _4132_/A, Layer: met4
Partial/Required:  1.40, Required:  2773.88, Partial:  3886.86, Net: _0215_, Pin: _4855_/D, Layer: met3
Partial/Required:  1.40, Required:  3486.68, Partial:  4871.25, Net: _1582_, Pin: _3508_/A, Layer: met4
Partial/Required:  1.40, Required:  2773.88, Partial:  3874.11, Net: net240, Pin: _3412_/A, Layer: met1
Partial/Required:  1.39, Required:  3486.68, Partial:   4862.5, Net: _1987_, Pin: _4017_/A, Layer: met3
Partial/Required:  1.38, Required:  3130.28, Partial:  4330.16, Net: _0137_, Pin: _4777_/D, Layer: met3
Partial/Required:  1.38, Required:  3130.28, Partial:  4327.21, Net: _1953_, Pin: _3952_/A, Layer: met3
Partial/Required:  1.38, Required:  3410.04, Partial:  4704.76, Net: _0353_, Pin: _4993_/D, Layer: met5
Partial/Required:  1.38, Required:  3130.28, Partial:  4316.44, Net: _0095_, Pin: _4735_/D, Layer: met4
Partial/Required:  1.38, Required:  3486.68, Partial:  4804.27, Net: _2236_, Pin: _4482_/A, Layer: met4
Partial/Required:  1.38, Required:  2773.88, Partial:  3815.18, Net: _1917_, Pin: _3884_/B, Layer: met4
Partial/Required:  1.36, Required:  3130.28, Partial:  4272.36, Net: _1221_, Pin: _3123_/C, Layer: met4
Partial/Required:  1.36, Required:  2773.88, Partial:  3781.08, Net: _0184_, Pin: _4824_/D, Layer: met4
Partial/Required:  1.36, Required:  3308.48, Partial:  4496.55, Net: _1833_, Pin: _3780_/A0, Layer: met4
Partial/Required:  1.36, Required:  2773.88, Partial:  3764.17, Net: _1232_, Pin: _3138_/A, Layer: met3
Partial/Required:  1.36, Required:  2773.88, Partial:  3762.36, Net: net617, Pin: _4201_/A0, Layer: met3
Partial/Required:  1.36, Required:  2773.88, Partial:   3759.6, Net: RF.registers\[8\]\[11\], Pin: _3981_/A0, Layer: met3
Partial/Required:  1.35, Required:    400.0, Partial:   538.65, Net: _2154_, Pin: _4343_/S, Layer: met1
Partial/Required:  1.34, Required:    400.0, Partial:    538.0, Net: _0800_, Pin: _3169_/A, Layer: met1
Partial/Required:  1.34, Required:  2773.88, Partial:  3713.11, Net: _1582_, Pin: _3508_/A, Layer: met3
Partial/Required:  1.33, Required:    400.0, Partial:   533.74, Net: _1526_, Pin: _3435_/A1, Layer: met1
Partial/Required:  1.33, Required:  3130.28, Partial:  4170.99, Net: _1228_, Pin: _3132_/B1_N, Layer: met3
Partial/Required:  1.33, Required:  3486.68, Partial:  4625.45, Net: _1108_, Pin: _3010_/A2, Layer: met5
Partial/Required:  1.32, Required:  3486.68, Partial:  4594.32, Net: _2234_, Pin: _4479_/A, Layer: met4
Partial/Required:  1.32, Required:  3486.68, Partial:  4590.87, Net: _2048_, Pin: _4124_/A, Layer: met4
Partial/Required:  1.31, Required:  3091.96, Partial:  4065.27, Net: _0375_, Pin: _5015_/D, Layer: met3
Partial/Required:  1.31, Required:  2773.88, Partial:  3646.69, Net: RF.registers\[4\]\[10\], Pin: _4528_/A1, Layer: met3
Partial/Required:  1.31, Required:  3130.28, Partial:   4114.1, Net: _0981_, Pin: _2891_/A1, Layer: met4
Partial/Required:  1.31, Required:  2773.88, Partial:  3628.98, Net: _2028_, Pin: _4091_/A, Layer: met3
Partial/Required:  1.31, Required:  2773.88, Partial:  3626.29, Net: _0283_, Pin: _4923_/D, Layer: met3
Partial/Required:  1.30, Required:  2773.88, Partial:  3614.42, Net: _2026_, Pin: _4087_/A, Layer: met3
Partial/Required:  1.30, Required:  3091.96, Partial:  4026.41, Net: _0075_, Pin: _4715_/D, Layer: met3
Partial/Required:  1.30, Required:  3486.68, Partial:  4517.37, Net: _2222_, Pin: _4456_/A, Layer: met3
Partial/Required:  1.29, Required:  3158.88, Partial:  4090.18, Net: _1172_, Pin: _3074_/C1, Layer: met5
Partial/Required:  1.29, Required:    400.0, Partial:   515.11, Net: _2143_, Pin: _4310_/S, Layer: met1
Partial/Required:  1.29, Required:  3091.96, Partial:  3980.38, Net: _2287_, Pin: _4580_/A, Layer: met4
Partial/Required:  1.28, Required:  3308.48, Partial:   4236.7, Net: _0274_, Pin: _4914_/D, Layer: met3
Partial/Required:  1.28, Required:  2773.88, Partial:  3540.22, Net: _0083_, Pin: _4723_/D, Layer: met1
Partial/Required:  1.27, Required:  2773.88, Partial:   3536.1, Net: _1100_, Pin: _3002_/C1, Layer: met3
Partial/Required:  1.27, Required:  3143.48, Partial:  4004.57, Net: _0249_, Pin: _4889_/D, Layer: met4
Partial/Required:  1.27, Required:  3130.28, Partial:  3970.03, Net: _0194_, Pin: _4834_/D, Layer: met4
Partial/Required:  1.27, Required:  3843.08, Partial:  4869.08, Net: _0379_, Pin: _5019_/D, Layer: met4
Partial/Required:  1.26, Required:  2773.88, Partial:  3500.57, Net: _0193_, Pin: _4833_/D, Layer: met3
Partial/Required:  1.26, Required:    400.0, Partial:   502.44, Net: _0503_, Pin: _3135_/A, Layer: met1
Partial/Required:  1.25, Required:  3410.04, Partial:  4271.75, Net: _0228_, Pin: _4868_/D, Layer: met3
Partial/Required:  1.25, Required:  2773.88, Partial:  3474.04, Net: net367, Pin: _3769_/A, Layer: met3
Partial/Required:  1.25, Required:  3486.68, Partial:  4366.72, Net: _2120_, Pin: _4260_/A, Layer: met4
Partial/Required:  1.25, Required:  3486.68, Partial:  4359.76, Net: _2149_, Pin: _4317_/A, Layer: met4
Partial/Required:  1.25, Required:    400.0, Partial:   499.98, Net: net483, Pin: _4236_/C, Layer: met1
Partial/Required:  1.25, Required:  3308.48, Partial:  4130.33, Net: _0854_, Pin: _2771_/A0, Layer: met3
Partial/Required:  1.25, Required:  3486.68, Partial:  4351.35, Net: _2006_, Pin: _4049_/A, Layer: met4
Partial/Required:  1.25, Required:  2773.88, Partial:  3460.85, Net: _0715_, Pin: _2617_/C1, Layer: met3
Partial/Required:  1.25, Required:  3486.68, Partial:  4347.68, Net: _0865_, Pin: _2767_/B2, Layer: met3
Partial/Required:  1.25, Required:  3486.68, Partial:  4343.37, Net: _0100_, Pin: _4740_/D, Layer: met4
Partial/Required:  1.24, Required:  3486.68, Partial:  4336.76, Net: _2060_, Pin: _4147_/A, Layer: met5
Partial/Required:  1.24, Required:  2773.88, Partial:  3446.88, Net: _0861_, Pin: _2763_/D1, Layer: met3
Partial/Required:  1.24, Required:  3410.04, Partial:  4214.34, Net: _2313_, Pin: _4632_/A, Layer: met4
Partial/Required:  1.24, Required:    400.0, Partial:   494.04, Net: net649, Pin: _3836_/D, Layer: met1
Partial/Required:  1.23, Required:   4046.2, Partial:  4989.97, Net: _0337_, Pin: _4977_/D, Layer: met4
Partial/Required:  1.23, Required:  3308.48, Partial:   4067.3, Net: _0012_, Pin: _4652_/D, Layer: met3
Partial/Required:  1.23, Required:  3130.28, Partial:  3846.84, Net: _2295_, Pin: _4596_/A, Layer: met3
Partial/Required:  1.23, Required:  2773.88, Partial:  3398.22, Net: _0339_, Pin: _4979_/D, Layer: met3
Partial/Required:  1.22, Required:    400.0, Partial:   489.86, Net: net481, Pin: _3875_/A2, Layer: met1
Partial/Required:  1.22, Required:  3130.28, Partial:  3821.67, Net: _2233_, Pin: _4477_/A, Layer: met3
Partial/Required:  1.22, Required:  3486.68, Partial:  4245.46, Net: _1966_, Pin: _3977_/A, Layer: met4
Partial/Required:  1.22, Required:  3130.28, Partial:  3804.57, Net: _1370_, Pin: _3278_/D, Layer: met4
Partial/Required:  1.21, Required:  2773.88, Partial:  3364.53, Net: _0894_, Pin: _3118_/B, Layer: met3
Partial/Required:  1.21, Required:  3410.04, Partial:  4135.11, Net: _0217_, Pin: _4857_/D, Layer: met4
Partial/Required:  1.21, Required:  3486.68, Partial:  4219.22, Net: _2116_, Pin: _4253_/A, Layer: met3
Partial/Required:  1.21, Required:  3486.68, Partial:   4207.5, Net: _0996_, Pin: _2898_/A1, Layer: met3
Partial/Required:  1.21, Required:  3130.28, Partial:   3776.0, Net: _0246_, Pin: _4886_/D, Layer: met5
Partial/Required:  1.20, Required:  2773.88, Partial:  3336.34, Net: _2162_, Pin: _4342_/A, Layer: met3
Partial/Required:  1.20, Required:  3147.38, Partial:   3766.3, Net: _0989_, Pin: _2891_/D1, Layer: met4
Partial/Required:  1.19, Required:  3486.68, Partial:  4162.46, Net: _1170_, Pin: _3074_/A1, Layer: met4
Partial/Required:  1.19, Required:  3130.28, Partial:  3716.83, Net: _0068_, Pin: _4708_/D, Layer: met3
Partial/Required:  1.18, Required:  3410.04, Partial:  4032.25, Net: _0205_, Pin: _4845_/D, Layer: met3
Partial/Required:  1.18, Required:  3410.04, Partial:  4029.46, Net: _0281_, Pin: _4921_/D, Layer: met4
Partial/Required:  1.18, Required:  3130.28, Partial:  3697.65, Net: _1917_, Pin: _3884_/B, Layer: met5
Partial/Required:  1.18, Required:  3130.28, Partial:  3694.73, Net: _0321_, Pin: _4961_/D, Layer: met4
Partial/Required:  1.18, Required:  3486.68, Partial:  4107.49, Net: _2121_, Pin: _4262_/A, Layer: met5
Partial/Required:  1.17, Required:  2773.88, Partial:  3258.29, Net: _1311_, Pin: _3220_/B, Layer: met3
Partial/Required:  1.17, Required:  3130.28, Partial:  3674.51, Net: _2303_, Pin: _4612_/A, Layer: met4
Partial/Required:  1.17, Required:  3130.28, Partial:  3664.55, Net: _0753_, Pin: _2655_/C1, Layer: met3
Partial/Required:  1.16, Required:  3130.28, Partial:  3621.24, Net: _2209_, Pin: _4431_/A, Layer: met4
Partial/Required:  1.15, Required:  3486.68, Partial:  4024.49, Net: _2029_, Pin: _4093_/A, Layer: met4
Partial/Required:  1.15, Required:  3308.48, Partial:  3817.06, Net: net14, Pin: output8/A, Layer: met3
Partial/Required:  1.15, Required:  3410.04, Partial:  3927.87, Net: _0010_, Pin: _4650_/D, Layer: met4
Partial/Required:  1.15, Required:  3410.04, Partial:  3927.87, Net: _0346_, Pin: _4986_/D, Layer: met4
Partial/Required:  1.15, Required:  3130.28, Partial:  3601.84, Net: _0975_, Pin: _2877_/C1, Layer: met5
Partial/Required:  1.15, Required:  3130.28, Partial:  3598.49, Net: _2166_, Pin: _4349_/A, Layer: met4
Partial/Required:  1.14, Required:  3130.28, Partial:  3573.59, Net: _0284_, Pin: _4924_/D, Layer: met3
Partial/Required:  1.14, Required:  3486.68, Partial:  3978.52, Net: _1669_, Pin: _3606_/A, Layer: met4
Partial/Required:  1.14, Required:  3308.48, Partial:  3765.66, Net: net131, Pin: _3590_/B, Layer: met3
Partial/Required:  1.13, Required:  2773.88, Partial:   3140.5, Net: _0018_, Pin: _4658_/D, Layer: met2
Partial/Required:  1.13, Required:  3130.28, Partial:  3523.67, Net: _0190_, Pin: _4830_/D, Layer: met2
Partial/Required:  1.12, Required:  3147.38, Partial:  3536.68, Net: _1102_, Pin: _3008_/C1, Layer: met3
Partial/Required:  1.12, Required:  2947.76, Partial:  3305.56, Net: RF.registers\[4\]\[11\], Pin: _4530_/A1, Layer: met3
Partial/Required:  1.12, Required:  2947.76, Partial:  3305.56, Net: RF.registers\[4\]\[11\], Pin: _2665_/A0, Layer: met3
Partial/Required:  1.12, Required:  3486.68, Partial:  3904.81, Net: _2067_, Pin: _4161_/A, Layer: met4
Partial/Required:  1.11, Required:  3486.68, Partial:  3876.06, Net: _0200_, Pin: _4840_/D, Layer: met4
Partial/Required:  1.11, Required:  3486.68, Partial:  3858.79, Net: _0214_, Pin: _4854_/D, Layer: met4
Partial/Required:  1.10, Required:  3130.28, Partial:  3453.33, Net: RF.registers\[25\]\[12\], Pin: _4195_/A0, Layer: met3
Partial/Required:  1.10, Required:  3091.96, Partial:   3401.4, Net: _0097_, Pin: _4737_/D, Layer: met3
Partial/Required:  1.10, Required:  3130.28, Partial:  3441.52, Net: _1819_, Pin: _3766_/A3, Layer: met4
Partial/Required:  1.10, Required:    400.0, Partial:   438.16, Net: SSD.count\[17\], Pin: _3838_/A, Layer: met1
Partial/Required:  1.09, Required:  3130.28, Partial:  3413.08, Net: _0333_, Pin: _4973_/D, Layer: met3
Partial/Required:  1.09, Required:    400.0, Partial:   435.84, Net: _0425_, Pin: _2397_/A, Layer: met1
Partial/Required:  1.09, Required:  2773.88, Partial:  3013.21, Net: _0025_, Pin: _4665_/D, Layer: met3
Partial/Required:  1.08, Required:  2773.88, Partial:  3007.27, Net: _2299_, Pin: _4604_/A, Layer: met3
Partial/Required:  1.08, Required:  3486.68, Partial:   3770.7, Net: _2253_, Pin: _4514_/A, Layer: met3
Partial/Required:  1.08, Required:  3138.28, Partial:  3391.74, Net: _0660_, Pin: _2562_/B1, Layer: met3
Partial/Required:  1.08, Required:  3158.88, Partial:  3412.17, Net: _0856_, Pin: _2758_/C1, Layer: met5
Partial/Required:  1.08, Required:  3410.04, Partial:  3667.56, Net: _0213_, Pin: _4853_/D, Layer: met3
Partial/Required:  1.07, Required:  3130.28, Partial:  3358.98, Net: _0079_, Pin: _4719_/D, Layer: met3
Partial/Required:  1.07, Required:  3410.04, Partial:  3653.33, Net: _0184_, Pin: _4824_/D, Layer: met5
Partial/Required:  1.07, Required:  2773.88, Partial:  2967.39, Net: _0253_, Pin: _4893_/D, Layer: met2
Partial/Required:  1.07, Required:  2773.88, Partial:  2960.68, Net: _0971_, Pin: _2874_/A0, Layer: met3
Partial/Required:  1.06, Required:    400.0, Partial:   424.21, Net: _0479_, Pin: _2800_/C1, Layer: met1
Partial/Required:  1.06, Required:  3486.68, Partial:  3694.87, Net: _1982_, Pin: _4007_/A, Layer: met3
Partial/Required:  1.06, Required:  3091.96, Partial:  3269.84, Net: _0265_, Pin: _4905_/D, Layer: met3
Partial/Required:  1.05, Required:  2773.88, Partial:  2919.95, Net: _0571_, Pin: _2474_/A0, Layer: met3
Partial/Required:  1.05, Required:  3486.68, Partial:  3668.75, Net: _0685_, Pin: _2593_/A2, Layer: met5
Partial/Required:  1.05, Required:  3130.28, Partial:  3290.41, Net: _1587_, Pin: _3515_/A, Layer: met3
Partial/Required:  1.05, Required:  2773.88, Partial:  2913.68, Net: _1963_, Pin: _3971_/A, Layer: met3
Partial/Required:  1.05, Required:  3130.28, Partial:  3287.87, Net: _0389_, Pin: _5029_/D, Layer: met4
Partial/Required:  1.05, Required:    400.0, Partial:   419.66, Net: _1818_, Pin: _3768_/A2, Layer: met1
Partial/Required:  1.05, Required:  2773.88, Partial:  2909.59, Net: _0260_, Pin: _4900_/D, Layer: met3
Partial/Required:  1.05, Required:  3486.68, Partial:  3651.56, Net: _0264_, Pin: _4904_/D, Layer: met4
Partial/Required:  1.05, Required:  2773.88, Partial:  2899.68, Net: _0335_, Pin: _4975_/D, Layer: met3
Partial/Required:  1.04, Required:  2773.88, Partial:  2898.06, Net: _0131_, Pin: _4771_/D, Layer: met2
Partial/Required:  1.04, Required:  2773.88, Partial:  2895.84, Net: _1351_, Pin: _3534_/C, Layer: met3
Partial/Required:  1.04, Required:  3486.68, Partial:   3631.9, Net: _1975_, Pin: _3994_/A, Layer: met4
Partial/Required:  1.04, Required:  3308.48, Partial:  3443.05, Net: _0276_, Pin: _4916_/D, Layer: met5
Partial/Required:  1.04, Required:  2773.88, Partial:  2881.02, Net: _0242_, Pin: _4882_/D, Layer: met4
Partial/Required:  1.04, Required:  3486.68, Partial:  3612.96, Net: _2225_, Pin: _4461_/A, Layer: met4
Partial/Required:  1.04, Required:  3308.48, Partial:  3427.42, Net: net13, Pin: output13/A, Layer: met4
Partial/Required:  1.03, Required:  3130.28, Partial:  3227.15, Net: _1758_, Pin: _3704_/B1, Layer: met5
Partial/Required:  1.03, Required:  3130.28, Partial:  3219.81, Net: _0121_, Pin: _4761_/D, Layer: met4
Partial/Required:  1.02, Required:  2773.88, Partial:  2842.25, Net: RF.registers\[15\]\[9\], Pin: _4457_/A0, Layer: met3
Partial/Required:  1.02, Required:  3486.68, Partial:  3569.88, Net: _2184_, Pin: _4383_/A, Layer: met4
Partial/Required:  1.02, Required:  3486.68, Partial:  3565.51, Net: _2175_, Pin: _4367_/A, Layer: met3
Partial/Required:  1.02, Required:  3270.68, Partial:  3337.89, Net: _0040_, Pin: _4680_/D, Layer: met2
Partial/Required:  1.02, Required:  2773.88, Partial:  2829.96, Net: _1495_, Pin: _3404_/B1_N, Layer: met4
Partial/Required:  1.01, Required:  3410.04, Partial:  3459.91, Net: _2299_, Pin: _4604_/A, Layer: met4
Partial/Required:  1.01, Required:  2773.88, Partial:  2811.87, Net: _1085_, Pin: _2987_/A1, Layer: met3
Partial/Required:  1.01, Required:  2773.88, Partial:  2808.51, Net: _0296_, Pin: _4936_/D, Layer: met3
Partial/Required:  1.01, Required:  3308.48, Partial:  3342.89, Net: _2302_, Pin: _4610_/A, Layer: met4
Partial/Required:  1.01, Required:    400.0, Partial:   404.08, Net: _0452_, Pin: _3023_/B1, Layer: met1
Partial/Required:  1.01, Required:  3486.68, Partial:  3516.38, Net: _2237_, Pin: _4484_/A, Layer: met4
Partial/Required:  1.00, Required:  2773.88, Partial:  2776.08, Net: _2141_, Pin: _4301_/A, Layer: met3
