
===========================================================================
report_checks -unconstrained
===========================================================================
======================= Typical Corner ===================================

Startpoint: reset (input port clocked by clk)
Endpoint: _2805_ (recovery check against rising-edge clock clk)
Path Group: asynchronous
Path Type: max

Fanout     Cap    Slew   Delay    Time   Description
-----------------------------------------------------------------------------
                          0.00    0.00   clock clk (rise edge)
                          0.00    0.00   clock network delay (propagated)
                         10.00   10.00 v input external delay
     1    0.01    0.02    0.01   10.01 v reset (in)
                                         reset (net)
                  0.02    0.00   10.01 v input2/A (sky130_fd_sc_hd__buf_8)
     3    0.05    0.05    0.14   10.15 v input2/X (sky130_fd_sc_hd__buf_8)
                                         net2 (net)
                  0.05    0.00   10.15 v _1685_/A (sky130_fd_sc_hd__inv_4)
     1    0.06    0.17    0.15   10.30 ^ _1685_/Y (sky130_fd_sc_hd__inv_4)
                                         _0000_ (net)
                  0.17    0.02   10.32 ^ _2805_/RESET_B (sky130_fd_sc_hd__dfrtp_4)
                                 10.32   data arrival time

                         50.00   50.00   clock clk (rise edge)
                          0.00   50.00   clock source latency
     1    0.07    0.32    0.21   50.21 ^ clk (in)
                                         clk (net)
                  0.32    0.00   50.21 ^ clkbuf_0_clk/A (sky130_fd_sc_hd__clkbuf_16)
     4    0.02    0.05    0.19   50.40 ^ clkbuf_0_clk/X (sky130_fd_sc_hd__clkbuf_16)
                                         clknet_0_clk (net)
                  0.05    0.00   50.40 ^ clkbuf_2_0_0_clk/A (sky130_fd_sc_hd__clkbuf_8)
     4    0.02    0.05    0.12   50.52 ^ clkbuf_2_0_0_clk/X (sky130_fd_sc_hd__clkbuf_8)
                                         clknet_2_0_0_clk (net)
                  0.05    0.00   50.52 ^ clkbuf_4_2_0_clk/A (sky130_fd_sc_hd__clkbuf_8)
    11    0.04    0.08    0.15   50.67 ^ clkbuf_4_2_0_clk/X (sky130_fd_sc_hd__clkbuf_8)
                                         clknet_4_2_0_clk (net)
                  0.08    0.00   50.67 ^ _2805_/CLK (sky130_fd_sc_hd__dfrtp_4)
                         -0.25   50.42   clock uncertainty
                          0.00   50.42   clock reconvergence pessimism
                          0.19   50.60   library recovery time
                                 50.60   data required time
-----------------------------------------------------------------------------
                                 50.60   data required time
                                -10.32   data arrival time
-----------------------------------------------------------------------------
                                 40.29   slack (MET)


Startpoint: control (input port clocked by clk)
Endpoint: result[31] (output port clocked by clk)
Path Group: clk
Path Type: max

Fanout     Cap    Slew   Delay    Time   Description
-----------------------------------------------------------------------------
                          0.00    0.00   clock clk (rise edge)
                          0.00    0.00   clock network delay (propagated)
                         10.00   10.00 ^ input external delay
     1    0.01    0.06    0.04   10.04 ^ control (in)
                                         control (net)
                  0.06    0.00   10.04 ^ input1/A (sky130_fd_sc_hd__buf_12)
     5    0.02    0.04    0.11   10.15 ^ input1/X (sky130_fd_sc_hd__buf_12)
                                         net1 (net)
                  0.04    0.00   10.15 ^ _1799_/B_N (sky130_fd_sc_hd__or2b_4)
     2    0.09    0.15    0.38   10.53 v _1799_/X (sky130_fd_sc_hd__or2b_4)
                                         _0256_ (net)
                  0.15    0.01   10.54 v _1800_/B1 (sky130_fd_sc_hd__a21o_2)
     2    0.03    0.11    0.31   10.85 v _1800_/X (sky130_fd_sc_hd__a21o_2)
                                         _0257_ (net)
                  0.11    0.01   10.86 v wire431/A (sky130_fd_sc_hd__buf_12)
     3    0.10    0.06    0.19   11.05 v wire431/X (sky130_fd_sc_hd__buf_12)
                                         net431 (net)
                  0.07    0.02   11.07 v _1822_/A (sky130_fd_sc_hd__nand2_8)
     2    0.09    0.16    0.16   11.22 ^ _1822_/Y (sky130_fd_sc_hd__nand2_8)
                                         _0279_ (net)
                  0.16    0.01   11.23 ^ _1862_/A2 (sky130_fd_sc_hd__a31oi_4)
     1    0.02    0.11    0.15   11.38 v _1862_/Y (sky130_fd_sc_hd__a31oi_4)
                                         _0318_ (net)
                  0.11    0.00   11.38 v wire378/A (sky130_fd_sc_hd__buf_4)
     3    0.04    0.07    0.21   11.59 v wire378/X (sky130_fd_sc_hd__buf_4)
                                         net378 (net)
                  0.07    0.01   11.60 v wire377/A (sky130_fd_sc_hd__buf_4)
     3    0.03    0.06    0.18   11.78 v wire377/X (sky130_fd_sc_hd__buf_4)
                                         net377 (net)
                  0.06    0.00   11.78 v wire374/A (sky130_fd_sc_hd__buf_4)
     2    0.05    0.08    0.19   11.97 v wire374/X (sky130_fd_sc_hd__buf_4)
                                         net374 (net)
                  0.08    0.01   11.98 v _1863_/B (sky130_fd_sc_hd__or4_4)
     2    0.01    0.09    0.56   12.54 v _1863_/X (sky130_fd_sc_hd__or4_4)
                                         _0319_ (net)
                  0.09    0.00   12.54 v wire353/A (sky130_fd_sc_hd__clkbuf_16)
     4    0.08    0.07    0.20   12.74 v wire353/X (sky130_fd_sc_hd__clkbuf_16)
                                         net353 (net)
                  0.07    0.00   12.74 v _2065_/A (sky130_fd_sc_hd__or4_4)
     3    0.12    0.26    0.75   13.49 v _2065_/X (sky130_fd_sc_hd__or4_4)
                                         _0513_ (net)
                  0.28    0.07   13.56 v _2372_/A (sky130_fd_sc_hd__or4_4)
     3    0.01    0.10    0.66   14.22 v _2372_/X (sky130_fd_sc_hd__or4_4)
                                         _0801_ (net)
                  0.10    0.00   14.22 v _2468_/A (sky130_fd_sc_hd__or4_4)
     2    0.07    0.18    0.71   14.94 v _2468_/X (sky130_fd_sc_hd__or4_4)
                                         _0893_ (net)
                  0.18    0.01   14.94 v _2489_/A (sky130_fd_sc_hd__or2_4)
     2    0.08    0.14    0.41   15.35 v _2489_/X (sky130_fd_sc_hd__or2_4)
                                         _0913_ (net)
                  0.14    0.02   15.37 v max_cap200/A (sky130_fd_sc_hd__clkbuf_8)
     2    0.01    0.03    0.19   15.56 v max_cap200/X (sky130_fd_sc_hd__clkbuf_8)
                                         net200 (net)
                  0.03    0.00   15.56 v _2514_/A (sky130_fd_sc_hd__or3_4)
     3    0.04    0.12    0.47   16.03 v _2514_/X (sky130_fd_sc_hd__or3_4)
                                         _0937_ (net)
                  0.12    0.00   16.03 v _2516_/A1 (sky130_fd_sc_hd__a21oi_2)
     1    0.00    0.08    0.14   16.17 ^ _2516_/Y (sky130_fd_sc_hd__a21oi_2)
                                         _0939_ (net)
                  0.08    0.00   16.17 ^ wire138/A (sky130_fd_sc_hd__buf_4)
     2    0.01    0.04    0.12   16.29 ^ wire138/X (sky130_fd_sc_hd__buf_4)
                                         net138 (net)
                  0.04    0.00   16.29 ^ _2520_/C (sky130_fd_sc_hd__or3_4)
     2    0.07    0.22    0.25   16.54 ^ _2520_/X (sky130_fd_sc_hd__or3_4)
                                         _0943_ (net)
                  0.23    0.03   16.57 ^ _2521_/B (sky130_fd_sc_hd__and2b_2)
     2    0.03    0.17    0.30   16.86 ^ _2521_/X (sky130_fd_sc_hd__and2b_2)
                                         _0944_ (net)
                  0.17    0.00   16.87 ^ wire111/A (sky130_fd_sc_hd__buf_8)
     3    0.11    0.18    0.21   17.08 ^ wire111/X (sky130_fd_sc_hd__buf_8)
                                         net111 (net)
                  0.19    0.04   17.11 ^ _2545_/D_N (sky130_fd_sc_hd__or4b_4)
     1    0.04    0.14    0.60   17.71 v _2545_/X (sky130_fd_sc_hd__or4b_4)
                                         _0967_ (net)
                  0.14    0.01   17.72 v _2549_/A2 (sky130_fd_sc_hd__o211a_1)
     1    0.01    0.08    0.30   18.02 v _2549_/X (sky130_fd_sc_hd__o211a_1)
                                         _0971_ (net)
                  0.08    0.00   18.02 v wire85/A (sky130_fd_sc_hd__clkbuf_16)
     3    0.13    0.07    0.20   18.22 v wire85/X (sky130_fd_sc_hd__clkbuf_16)
                                         net85 (net)
                  0.15    0.07   18.29 v _2574_/B (sky130_fd_sc_hd__nor3b_4)
     2    0.02    0.31    0.35   18.64 ^ _2574_/Y (sky130_fd_sc_hd__nor3b_4)
                                         _0995_ (net)
                  0.31    0.00   18.65 ^ wire77/A (sky130_fd_sc_hd__clkbuf_4)
     2    0.03    0.11    0.28   18.92 ^ wire77/X (sky130_fd_sc_hd__clkbuf_4)
                                         net77 (net)
                  0.11    0.01   18.93 ^ wire75/A (sky130_fd_sc_hd__clkbuf_4)
     1    0.03    0.10    0.21   19.14 ^ wire75/X (sky130_fd_sc_hd__clkbuf_4)
                                         net75 (net)
                  0.10    0.01   19.14 ^ _2593_/A3 (sky130_fd_sc_hd__o31ai_4)
     2    0.03    0.15    0.10   19.25 v _2593_/Y (sky130_fd_sc_hd__o31ai_4)
                                         _1013_ (net)
                  0.15    0.00   19.25 v max_cap68/A (sky130_fd_sc_hd__clkbuf_2)
     1    0.02    0.10    0.22   19.47 v max_cap68/X (sky130_fd_sc_hd__clkbuf_2)
                                         net68 (net)
                  0.10    0.00   19.47 v wire67/A (sky130_fd_sc_hd__clkbuf_4)
     2    0.03    0.07    0.20   19.67 v wire67/X (sky130_fd_sc_hd__clkbuf_4)
                                         net67 (net)
                  0.07    0.00   19.68 v max_cap66/A (sky130_fd_sc_hd__clkbuf_2)
     1    0.02    0.08    0.17   19.85 v max_cap66/X (sky130_fd_sc_hd__clkbuf_2)
                                         net66 (net)
                  0.08    0.00   19.85 v wire65/A (sky130_fd_sc_hd__clkbuf_4)
     1    0.03    0.07    0.19   20.04 v wire65/X (sky130_fd_sc_hd__clkbuf_4)
                                         net65 (net)
                  0.07    0.00   20.05 v _2615_/A2 (sky130_fd_sc_hd__a21o_4)
     1    0.09    0.13    0.32   20.36 v _2615_/X (sky130_fd_sc_hd__a21o_4)
                                         _1034_ (net)
                  0.16    0.05   20.41 v _2621_/A3 (sky130_fd_sc_hd__a31o_4)
     1    0.05    0.09    0.36   20.76 v _2621_/X (sky130_fd_sc_hd__a31o_4)
                                         _1040_ (net)
                  0.10    0.01   20.78 v _2622_/A (sky130_fd_sc_hd__buf_12)
     6    0.03    0.03    0.16   20.93 v _2622_/X (sky130_fd_sc_hd__buf_12)
                                         net31 (net)
                  0.03    0.00   20.93 v output31/A (sky130_fd_sc_hd__buf_2)
     1    0.04    0.09    0.19   21.12 v output31/X (sky130_fd_sc_hd__buf_2)
                                         result[31] (net)
                  0.09    0.00   21.12 v result[31] (out)
                                 21.12   data arrival time

                         50.00   50.00   clock clk (rise edge)
                          0.00   50.00   clock network delay (propagated)
                         -0.25   49.75   clock uncertainty
                          0.00   49.75   clock reconvergence pessimism
                        -10.00   39.75   output external delay
                                 39.75   data required time
-----------------------------------------------------------------------------
                                 39.75   data required time
                                -21.12   data arrival time
-----------------------------------------------------------------------------
                                 18.63   slack (MET)




===========================================================================
report_checks --slack_max -0.01
============================================================================
======================= Typical Corner ===================================

No paths found.


===========================================================================
 report_check_types -max_slew -max_cap -max_fanout -violators
============================================================================
======================= Typical Corner ===================================

max fanout

Pin                                   Limit Fanout  Slack
---------------------------------------------------------
clkbuf_4_15_0_clk/X                      10     13     -3 (VIOLATED)
clkbuf_4_10_0_clk/X                      10     12     -2 (VIOLATED)
clkbuf_4_11_0_clk/X                      10     11        (VIOLATED)
clkbuf_4_1_0_clk/X                       10     11        (VIOLATED)
clkbuf_4_2_0_clk/X                       10     11        (VIOLATED)
clkbuf_4_3_0_clk/X                       10     11        (VIOLATED)
clkbuf_4_7_0_clk/X                       10     11        (VIOLATED)
clkbuf_4_8_0_clk/X                       10     11        (VIOLATED)
clkbuf_4_9_0_clk/X                       10     11        (VIOLATED)


max slew violations count Typical: 0
max fanout violations count Typical: 9
max cap violations count Typical: 0

===========================================================================
report_parasitic_annotation -report_unannotated
============================================================================
Found 26 unannotated drivers.
 clkload0/Y
 clkload1/X
 clkload10/Y
 clkload11/X
 clkload12/Y
 clkload13/Y
 clkload14/Y
 clkload15/X
 clkload16/X
 clkload17/X
 clkload18/X
 clkload19/X
 clkload2/X
 clkload20/X
 clkload21/Y
 clkload22/Y
 clkload23/X
 clkload24/X
 clkload25/X
 clkload3/Y
 clkload4/Y
 clkload5/Y
 clkload6/X
 clkload7/Y
 clkload8/X
 clkload9/X
Found 1258 partially unannotated drivers.
 clk
 _1291_/X
 _1292_/X
 _1294_/X
 _1295_/X
 _1297_/X
 _1298_/X
 _1301_/X
 _1303_/Y
 _1304_/X
 _1305_/Y
 _1306_/Y
 _1307_/X
 _1309_/X
 _1311_/Y
 _1312_/X
 _1314_/Y
 _1315_/Y
 _1316_/Y
 _1317_/X
 _1319_/Y
 _1320_/X
 _1322_/Y
 _1324_/X
 _1325_/X
 _1326_/Y
 _1327_/X
 _1328_/Y
 _1330_/Y
 _1332_/Y
 _1333_/Y
 _1334_/X
 _1336_/X
 _1338_/Y
 _1339_/X
 _1343_/Y
 _1344_/X
 _1345_/X
 _1346_/X
 _1347_/X
 _1348_/X
 _1349_/X
 _1350_/X
 _1351_/X
 _1358_/X
 _1359_/X
 _1360_/X
 _1363_/X
 _1369_/X
 _1371_/X
 _1372_/X
 _1375_/X
 _1377_/X
 _1378_/X
 _1379_/X
 _1380_/X
 _1384_/X
 _1386_/X
 _1387_/X
 _1388_/X
 _1390_/X
 _1391_/X
 _1392_/X
 _1396_/X
 _1400_/X
 _1401_/X
 _1406_/X
 _1407_/X
 _1409_/X
 _1410_/X
 _1413_/X
 _1414_/X
 _1415_/X
 _1416_/X
 _1417_/X
 _1419_/X
 _1421_/X
 _1422_/X
 _1424_/X
 _1425_/X
 _1428_/X
 _1430_/X
 _1433_/X
 _1436_/X
 _1437_/X
 _1438_/X
 _1439_/X
 _1440_/X
 _1442_/X
 _1443_/X
 _1446_/X
 _1452_/X
 _1457_/X
 _1458_/X
 _1459_/X
 _1460_/X
 _1462_/X
 _1463_/X
 _1465_/X
 _1466_/X
 _1467_/X
 _1469_/X
 _1470_/X
 _1474_/X
 _1482_/X
 _1484_/X
 _1486_/X
 _1487_/X
 _1491_/X
 _1492_/X
 _1494_/X
 _1495_/X
 _1499_/X
 _1500_/X
 _1501_/X
 _1502_/X
 _1503_/X
 _1504_/X
 _1505_/X
 _1507_/X
 _1514_/X
 _1516_/X
 _1518_/X
 _1521_/X
 _1522_/X
 _1525_/X
 _1528_/X
 _1535_/X
 _1536_/X
 _1547_/X
 _1548_/X
 _1549_/X
 _1554_/X
 _1555_/X
 _1558_/X
 _1559_/X
 _1560_/X
 _1561_/X
 _1562_/X
 _1563_/X
 _1564_/X
 _1566_/X
 _1567_/X
 _1569_/X
 _1572_/X
 _1573_/X
 _1574_/X
 _1575_/X
 _1577_/X
 _1579_/X
 _1581_/X
 _1582_/X
 _1585_/X
 _1588_/X
 _1589_/X
 _1591_/X
 _1592_/X
 _1593_/X
 _1594_/X
 _1597_/X
 _1598_/X
 _1601_/X
 _1604_/X
 _1605_/X
 _1607_/X
 _1608_/X
 _1612_/X
 _1613_/X
 _1614_/X
 _1615_/X
 _1617_/X
 _1618_/X
 _1619_/X
 _1620_/X
 _1621_/X
 _1624_/X
 _1625_/X
 _1626_/X
 _1627_/X
 _1630_/X
 _1632_/X
 _1633_/X
 _1634_/X
 _1635_/X
 _1636_/X
 _1637_/X
 _1638_/X
 _1639_/X
 _1640_/X
 _1641_/X
 _1642_/X
 _1643_/X
 _1644_/X
 _1645_/X
 _1646_/X
 _1647_/X
 _1648_/X
 _1649_/X
 _1650_/X
 _1652_/X
 _1653_/X
 _1656_/X
 _1659_/X
 _1661_/X
 _1662_/X
 _1663_/X
 _1665_/X
 _1667_/X
 _1668_/X
 _1670_/X
 _1671_/X
 _1673_/X
 _1674_/X
 _1677_/X
 _1684_/Y
 _1687_/Y
 _1688_/Y
 _1689_/X
 _1692_/X
 _1695_/X
 _1697_/X
 _1699_/X
 _1700_/X
 _1701_/X
 _1702_/X
 _1703_/X
 _1706_/X
 _1707_/X
 _1708_/X
 _1710_/X
 _1711_/X
 _1714_/X
 _1715_/X
 _1718_/X
 _1721_/X
 _1722_/X
 _1724_/X
 _1725_/X
 _1726_/X
 _1727_/X
 _1728_/X
 _1730_/X
 _1731_/X
 _1732_/X
 _1734_/X
 _1735_/X
 _1738_/X
 _1739_/X
 _1740_/X
 _1741_/X
 _1742_/X
 _1746_/X
 _1748_/X
 _1749_/X
 _1751_/X
 _1752_/X
 _1759_/X
 _1760_/X
 _1761_/X
 _1762_/X
 _1763_/X
 _1764_/X
 _1765_/Y
 _1766_/Y
 _1767_/Y
 _1768_/X
 _1770_/Y
 _1772_/X
 _1773_/Y
 _1774_/X
 _1777_/X
 _1779_/Y
 _1780_/Y
 _1781_/Y
 _1782_/X
 _1784_/Y
 _1785_/X
 _1786_/X
 _1787_/Y
 _1788_/Y
 _1789_/Y
 _1790_/X
 _1792_/Y
 _1793_/Y
 _1794_/X
 _1795_/X
 _1801_/X
 _1802_/X
 _1808_/X
 _1809_/Y
 _1811_/X
 _1812_/X
 _1813_/X
 _1814_/X
 _1815_/X
 _1817_/X
 _1819_/X
 _1821_/X
 _1823_/X
 _1824_/Y
 _1825_/Y
 _1826_/X
 _1827_/Y
 _1828_/X
 _1830_/Y
 _1832_/X
 _1833_/X
 _1834_/X
 _1835_/X
 _1837_/X
 _1839_/X
 _1840_/X
 _1841_/X
 _1842_/X
 _1843_/X
 _1844_/X
 _1845_/Y
 _1848_/Y
 _1849_/Y
 _1850_/Y
 _1851_/X
 _1854_/X
 _1858_/X
 _1860_/X
 _1861_/X
 _1863_/X
 _1864_/X
 _1865_/X
 _1869_/X
 _1870_/Y
 _1872_/Y
 _1874_/X
 _1875_/Y
 _1876_/X
 _1877_/Y
 _1879_/X
 _1883_/X
 _1884_/X
 _1885_/Y
 _1888_/X
 _1889_/X
 _1890_/X
 _1891_/X
 _1893_/X
 _1894_/X
 _1898_/X
 _1899_/X
 _1902_/X
 _1903_/X
 _1904_/X
 _1907_/X
 _1908_/Y
 _1909_/X
 _1910_/X
 _1912_/X
 _1914_/X
 _1915_/X
 _1916_/X
 _1917_/X
 _1918_/X
 _1919_/Y
 _1920_/X
 _1921_/Y
 _1924_/Y
 _1925_/X
 _1926_/X
 _1927_/X
 _1928_/Y
 _1930_/X
 _1932_/X
 _1936_/X
 _1939_/X
 _1940_/X
 _1946_/Y
 _1947_/X
 _1948_/Y
 _1949_/Y
 _1951_/X
 _1952_/X
 _1953_/X
 _1955_/X
 _1956_/X
 _1957_/X
 _1958_/Y
 _1959_/X
 _1960_/X
 _1961_/X
 _1964_/X
 _1965_/X
 _1966_/X
 _1969_/X
 _1970_/Y
 _1971_/X
 _1972_/X
 _1973_/Y
 _1974_/X
 _1975_/X
 _1979_/Y
 _1980_/X
 _1981_/X
 _1982_/X
 _1984_/Y
 _1985_/X
 _1986_/X
 _1987_/X
 _1988_/X
 _1989_/X
 _1992_/X
 _1993_/X
 _1995_/X
 _1996_/X
 _1997_/X
 _1998_/X
 _2002_/X
 _2003_/Y
 _2004_/Y
 _2005_/X
 _2006_/X
 _2008_/X
 _2009_/Y
 _2010_/X
 _2011_/Y
 _2012_/Y
 _2013_/X
 _2014_/Y
 _2015_/X
 _2016_/X
 _2018_/X
 _2019_/X
 _2021_/X
 _2028_/Y
 _2029_/X
 _2030_/Y
 _2031_/X
 _2032_/X
 _2033_/X
 _2035_/X
 _2036_/X
 _2037_/X
 _2039_/X
 _2040_/X
 _2041_/X
 _2042_/X
 _2043_/X
 _2045_/X
 _2046_/X
 _2047_/Y
 _2050_/X
 _2051_/X
 _2053_/X
 _2054_/X
 _2055_/Y
 _2056_/Y
 _2058_/X
 _2061_/X
 _2062_/X
 _2066_/X
 _2069_/X
 _2071_/X
 _2072_/X
 _2073_/Y
 _2077_/X
 _2078_/X
 _2079_/X
 _2080_/X
 _2081_/X
 _2082_/Y
 _2083_/X
 _2084_/X
 _2088_/X
 _2089_/X
 _2090_/Y
 _2091_/Y
 _2092_/X
 _2093_/Y
 _2094_/X
 _2097_/X
 _2100_/X
 _2101_/X
 _2104_/Y
 _2106_/X
 _2109_/Y
 _2110_/X
 _2111_/Y
 _2112_/X
 _2113_/X
 _2114_/X
 _2120_/X
 _2123_/X
 _2124_/X
 _2125_/X
 _2126_/Y
 _2127_/Y
 _2128_/X
 _2130_/X
 _2131_/X
 _2132_/X
 _2133_/X
 _2135_/Y
 _2137_/X
 _2138_/X
 _2139_/Y
 _2141_/Y
 _2142_/Y
 _2143_/Y
 _2144_/X
 _2146_/X
 _2147_/X
 _2148_/X
 _2149_/X
 _2150_/X
 _2151_/X
 _2152_/Y
 _2153_/X
 _2154_/Y
 _2155_/X
 _2156_/X
 _2159_/X
 _2160_/X
 _2161_/X
 _2162_/X
 _2164_/X
 _2165_/X
 _2166_/X
 _2167_/X
 _2168_/X
 _2169_/X
 _2170_/Y
 _2171_/X
 _2172_/X
 _2174_/X
 _2175_/X
 _2176_/X
 _2178_/Y
 _2179_/X
 _2180_/X
 _2181_/X
 _2182_/X
 _2183_/Y
 _2185_/Y
 _2186_/X
 _2188_/X
 _2189_/X
 _2191_/X
 _2192_/X
 _2193_/X
 _2200_/X
 _2202_/X
 _2204_/Y
 _2205_/X
 _2206_/X
 _2207_/Y
 _2208_/X
 _2209_/Y
 _2210_/Y
 _2211_/X
 _2212_/Y
 _2213_/X
 _2214_/X
 _2219_/X
 _2220_/Y
 _2221_/Y
 _2222_/X
 _2223_/Y
 _2224_/X
 _2225_/X
 _2226_/X
 _2228_/Y
 _2229_/X
 _2230_/X
 _2231_/X
 _2232_/X
 _2233_/X
 _2234_/X
 _2235_/X
 _2237_/X
 _2239_/X
 _2240_/X
 _2244_/Y
 _2246_/Y
 _2247_/X
 _2248_/Y
 _2249_/Y
 _2250_/Y
 _2252_/Y
 _2253_/X
 _2254_/X
 _2255_/X
 _2256_/X
 _2257_/X
 _2259_/Y
 _2260_/X
 _2262_/Y
 _2263_/X
 _2264_/X
 _2266_/X
 _2268_/X
 _2270_/X
 _2271_/Y
 _2272_/X
 _2276_/Y
 _2277_/X
 _2279_/X
 _2280_/X
 _2283_/Y
 _2284_/X
 _2286_/X
 _2287_/X
 _2288_/Y
 _2289_/X
 _2290_/X
 _2291_/Y
 _2292_/X
 _2293_/X
 _2295_/X
 _2296_/X
 _2297_/X
 _2298_/Y
 _2301_/Y
 _2302_/X
 _2308_/X
 _2310_/X
 _2311_/X
 _2312_/X
 _2314_/X
 _2317_/X
 _2318_/X
 _2319_/X
 _2321_/Y
 _2324_/Y
 _2325_/Y
 _2327_/X
 _2328_/X
 _2329_/X
 _2331_/X
 _2332_/X
 _2333_/Y
 _2337_/X
 _2338_/X
 _2339_/X
 _2341_/X
 _2343_/X
 _2345_/Y
 _2346_/Y
 _2347_/Y
 _2349_/Y
 _2350_/X
 _2351_/X
 _2352_/X
 _2355_/X
 _2356_/X
 _2359_/X
 _2361_/Y
 _2364_/X
 _2366_/X
 _2369_/X
 _2370_/X
 _2371_/X
 _2372_/X
 _2373_/X
 _2375_/Y
 _2376_/X
 _2377_/Y
 _2378_/Y
 _2379_/Y
 _2381_/X
 _2382_/X
 _2383_/X
 _2386_/X
 _2387_/X
 _2388_/Y
 _2393_/X
 _2394_/X
 _2396_/X
 _2398_/X
 _2399_/Y
 _2401_/X
 _2402_/X
 _2404_/X
 _2405_/X
 _2406_/X
 _2407_/X
 _2408_/X
 _2410_/X
 _2412_/Y
 _2413_/X
 _2416_/X
 _2417_/X
 _2420_/X
 _2421_/X
 _2422_/X
 _2423_/X
 _2424_/X
 _2425_/X
 _2426_/Y
 _2430_/X
 _2431_/X
 _2432_/X
 _2433_/X
 _2435_/X
 _2436_/Y
 _2437_/X
 _2441_/X
 _2443_/X
 _2444_/X
 _2445_/Y
 _2447_/X
 _2449_/X
 _2451_/Y
 _2454_/Y
 _2455_/Y
 _2456_/X
 _2457_/X
 _2459_/X
 _2460_/X
 _2461_/X
 _2464_/X
 _2465_/X
 _2466_/X
 _2469_/X
 _2470_/X
 _2474_/Y
 _2475_/Y
 _2477_/X
 _2478_/Y
 _2479_/X
 _2480_/X
 _2482_/X
 _2483_/X
 _2485_/Y
 _2486_/X
 _2487_/X
 _2488_/X
 _2491_/X
 _2492_/X
 _2493_/X
 _2494_/X
 _2498_/Y
 _2499_/X
 _2500_/Y
 _2501_/X
 _2502_/X
 _2503_/X
 _2505_/X
 _2506_/X
 _2507_/X
 _2508_/X
 _2509_/X
 _2510_/X
 _2511_/X
 _2512_/X
 _2513_/X
 _2514_/X
 _2515_/Y
 _2516_/Y
 _2517_/X
 _2519_/X
 _2523_/X
 _2526_/X
 _2527_/X
 _2531_/X
 _2532_/X
 _2533_/Y
 _2535_/X
 _2537_/X
 _2540_/Y
 _2541_/Y
 _2543_/X
 _2551_/X
 _2552_/Y
 _2554_/X
 _2555_/Y
 _2558_/X
 _2560_/X
 _2561_/X
 _2562_/Y
 _2566_/X
 _2569_/Y
 _2571_/Y
 _2572_/X
 _2576_/X
 _2579_/X
 _2580_/X
 _2582_/X
 _2583_/X
 _2584_/X
 _2585_/X
 _2587_/X
 _2590_/Y
 _2596_/X
 _2598_/Y
 _2599_/X
 _2603_/X
 _2604_/X
 _2605_/X
 _2610_/X
 _2611_/Y
 _2616_/Y
 _2619_/X
 _2620_/X
 _2622_/X
 _2623_/Q
 _2624_/Q
 _2626_/Q
 _2627_/Q
 _2628_/Q
 _2629_/Q
 _2630_/Q
 _2631_/Q
 _2634_/Q
 _2635_/Q
 _2636_/Q
 _2637_/Q
 _2638_/Q
 _2639_/Q
 _2640_/Q
 _2641_/Q
 _2642_/Q
 _2643_/Q
 _2644_/Q
 _2646_/Q
 _2648_/Q
 _2649_/Q
 _2650_/Q
 _2651_/Q
 _2654_/Q
 _2656_/Q
 _2658_/Q
 _2659_/Q
 _2663_/Q
 _2664_/Q
 _2666_/Q
 _2668_/Q
 _2669_/Q
 _2670_/Q
 _2671_/Q
 _2672_/Q
 _2673_/Q
 _2674_/Q
 _2675_/Q
 _2676_/Q
 _2678_/Q
 _2679_/Q
 _2681_/Q
 _2682_/Q
 _2685_/Q
 _2686_/Q
 _2687_/Q
 _2688_/Q
 _2690_/Q
 _2691_/Q
 _2692_/Q
 _2693_/Q
 _2694_/Q
 _2695_/Q
 _2697_/Q
 _2698_/Q
 _2699_/Q
 _2700_/Q
 _2701_/Q
 _2702_/Q
 _2703_/Q
 _2707_/Q
 _2710_/Q
 _2711_/Q
 _2712_/Q
 _2713_/Q
 _2714_/Q
 _2715_/Q
 _2716_/Q
 _2717_/Q
 _2718_/Q
 _2720_/Q
 _2721_/Q
 _2722_/Q
 _2724_/Q
 _2725_/Q
 _2726_/Q
 _2727_/Q
 _2728_/Q
 _2729_/Q
 _2730_/Q
 _2731_/Q
 _2732_/Q
 _2733_/Q
 _2734_/Q
 _2735_/Q
 _2738_/Q
 _2739_/Q
 _2740_/Q
 _2742_/Q
 _2743_/Q
 _2744_/Q
 _2745_/Q
 _2747_/Q
 _2748_/Q
 _2749_/Q
 _2750_/Q
 _2751_/Q
 _2752_/Q
 _2754_/Q
 _2755_/Q
 _2756_/Q
 _2757_/Q
 _2758_/Q
 _2759_/Q
 _2760_/Q
 _2761_/Q
 _2762_/Q
 _2763_/Q
 _2764_/Q
 _2765_/Q
 _2766_/Q
 _2767_/Q
 _2768_/Q
 _2769_/Q
 _2770_/Q
 _2771_/Q
 _2772_/Q
 _2773_/Q
 _2774_/Q
 _2778_/Q
 _2779_/Q
 _2780_/Q
 _2782_/Q
 _2784_/Q
 _2785_/Q
 _2786_/Q
 _2787_/Q
 _2788_/Q
 _2790_/Q
 _2793_/Q
 _2794_/Q
 _2795_/Q
 _2796_/Q
 _2798_/Q
 _2802_/Q
 _2803_/Q
 _2806_/Q
 _2807_/Q
 _2808_/Q
 _2812_/Q
 _2813_/Q
 _2814_/Q
 _2818_/Q
 _2819_/Q
 _2820_/Q
 _2822_/Q
 _2823_/Q
 _2824_/Q
 _2826_/Q
 _2827_/Q
 _2828_/Q
 _2829_/Q
 _2830_/Q
 _2831_/Q
 _2832_/Q
 _2833_/Q
 _2834_/Q
 _2835_/Q
 _2836_/Q
 _2837_/Q
 _2838_/Q
 _2839_/Q
 clkbuf_0_clk/X
 clkbuf_2_0_0_clk/X
 clkbuf_2_1_0_clk/X
 clkbuf_2_2_0_clk/X
 clkbuf_2_3_0_clk/X
 clkbuf_4_0_0_clk/X
 clkbuf_4_10_0_clk/X
 clkbuf_4_11_0_clk/X
 clkbuf_4_12_0_clk/X
 clkbuf_4_13_0_clk/X
 clkbuf_4_14_0_clk/X
 clkbuf_4_1_0_clk/X
 clkbuf_4_2_0_clk/X
 clkbuf_4_3_0_clk/X
 clkbuf_4_4_0_clk/X
 clkbuf_4_5_0_clk/X
 clkbuf_4_6_0_clk/X
 clkbuf_4_7_0_clk/X
 clkbuf_4_8_0_clk/X
 clkbuf_4_9_0_clk/X
 clkbuf_leaf_109_clk/X
 clkbuf_leaf_10_clk/X
 clkbuf_leaf_116_clk/X
 clkbuf_leaf_12_clk/X
 clkbuf_leaf_139_clk/X
 clkbuf_leaf_141_clk/X
 clkbuf_leaf_142_clk/X
 clkbuf_leaf_150_clk/X
 clkbuf_leaf_19_clk/X
 clkbuf_leaf_24_clk/X
 clkbuf_leaf_28_clk/X
 clkbuf_leaf_34_clk/X
 clkbuf_leaf_50_clk/X
 clkbuf_leaf_52_clk/X
 clkbuf_leaf_55_clk/X
 clkbuf_leaf_66_clk/X
 clkbuf_leaf_6_clk/X
 clkbuf_leaf_82_clk/X
 input1/X
 input2/X
 load_slew125/X
 load_slew158/X
 load_slew177/X
 load_slew186/X
 load_slew226/X
 load_slew239/X
 load_slew256/X
 load_slew257/X
 load_slew296/X
 load_slew336/X
 load_slew354/X
 load_slew363/X
 load_slew368/X
 load_slew413/X
 load_slew414/X
 load_slew440/X
 load_slew452/X
 load_slew460/X
 load_slew465/X
 load_slew467/X
 load_slew475/X
 load_slew476/X
 load_slew480/X
 load_slew481/X
 load_slew91/X
 max_cap100/X
 max_cap133/X
 max_cap141/X
 max_cap174/X
 max_cap175/X
 max_cap180/X
 max_cap181/X
 max_cap2/X
 max_cap200/X
 max_cap216/X
 max_cap224/X
 max_cap228/X
 max_cap250/X
 max_cap286/X
 max_cap293/X
 max_cap317/X
 max_cap324/X
 max_cap334/X
 max_cap350/X
 max_cap351/X
 max_cap357/X
 max_cap361/X
 max_cap372/X
 max_cap373/X
 max_cap375/X
 max_cap386/X
 max_cap391/X
 max_cap397/X
 max_cap400/X
 max_cap410/X
 max_cap418/X
 max_cap422/X
 max_cap429/X
 max_cap436/X
 max_cap441/X
 max_cap445/X
 max_cap457/X
 max_cap464/X
 max_cap469/X
 max_cap471/X
 max_cap55/X
 max_cap58/X
 max_cap72/X
 max_cap74/X
 max_cap78/X
 max_cap80/X
 max_cap83/X
 wire1/X
 wire108/X
 wire109/X
 wire110/X
 wire121/X
 wire126/X
 wire127/X
 wire128/X
 wire130/X
 wire131/X
 wire132/X
 wire134/X
 wire135/X
 wire136/X
 wire137/X
 wire138/X
 wire143/X
 wire146/X
 wire147/X
 wire148/X
 wire149/X
 wire153/X
 wire155/X
 wire159/X
 wire163/X
 wire164/X
 wire166/X
 wire167/X
 wire168/X
 wire169/X
 wire171/X
 wire173/X
 wire176/X
 wire179/X
 wire182/X
 wire187/X
 wire189/X
 wire191/X
 wire192/X
 wire193/X
 wire194/X
 wire195/X
 wire196/X
 wire197/X
 wire198/X
 wire207/X
 wire209/X
 wire211/X
 wire212/X
 wire217/X
 wire218/X
 wire220/X
 wire221/X
 wire223/X
 wire229/X
 wire231/X
 wire232/X
 wire233/X
 wire234/X
 wire235/X
 wire236/X
 wire240/X
 wire242/X
 wire243/X
 wire244/X
 wire245/X
 wire246/X
 wire247/X
 wire249/X
 wire251/X
 wire252/X
 wire253/X
 wire254/X
 wire255/X
 wire258/X
 wire259/X
 wire260/X
 wire261/X
 wire265/X
 wire266/X
 wire271/X
 wire273/X
 wire274/X
 wire275/X
 wire279/X
 wire280/X
 wire281/X
 wire282/X
 wire284/X
 wire285/X
 wire287/X
 wire292/X
 wire294/X
 wire295/X
 wire297/X
 wire300/X
 wire303/X
 wire304/X
 wire305/X
 wire307/X
 wire310/X
 wire311/X
 wire313/X
 wire318/X
 wire319/X
 wire322/X
 wire325/X
 wire326/X
 wire328/X
 wire330/X
 wire338/X
 wire344/X
 wire353/X
 wire356/X
 wire360/X
 wire364/X
 wire366/X
 wire367/X
 wire370/X
 wire371/X
 wire376/X
 wire377/X
 wire378/X
 wire381/X
 wire387/X
 wire388/X
 wire392/X
 wire393/X
 wire394/X
 wire401/X
 wire404/X
 wire405/X
 wire408/X
 wire409/X
 wire415/X
 wire416/X
 wire417/X
 wire419/X
 wire420/X
 wire425/X
 wire426/X
 wire431/X
 wire432/X
 wire435/X
 wire437/X
 wire438/X
 wire439/X
 wire442/X
 wire443/X
 wire446/X
 wire447/X
 wire448/X
 wire449/X
 wire450/X
 wire454/X
 wire456/X
 wire458/X
 wire459/X
 wire463/X
 wire466/X
 wire468/X
 wire47/X
 wire473/X
 wire478/X
 wire479/X
 wire48/X
 wire483/X
 wire484/X
 wire50/X
 wire51/X
 wire52/X
 wire53/X
 wire54/X
 wire57/X
 wire59/X
 wire63/X
 wire69/X
 wire71/X
 wire79/X
 wire90/X
 wire96/X
 wire97/X

===========================================================================
max slew violation count 0
max fanout violation count 9
max cap violation count 0
============================================================================

===========================================================================
check_setup -verbose -unconstrained_endpoints -multiple_clock -no_clock -no_input_delay -loops -generated_clocks
===========================================================================
